204.18.198.248 - - [22/Jan/2019:03:59:09 +0330] "GET /m/product/3597/2542/%D8%A2%D8%A8-%D9%BE%D8%B1%D8%AA%D9%82%D8%A7%D9%84-%DA%AF%DB%8C%D8%B1%DB%8C-%D8%AA%D9%81%D8%A7%D9%84-%D9%85%D8%AF%D9%84-8309 HTTP/1.1" 200 20382 "https://www.zanbil.ir/m/filter/p1233?page=1" "Mozilla/5.0 (iPhone; CPU iPhone OS 12_1 like Mac OS X) AppleWebKit/605.1.15 (KHTML, like Gecko) Version/12.0 Mobile/15E148 Safari/604.1" "-"
95.81.118.56 - - [22/Jan/2019:03:59:09 +0330] "GET /static/bundle-bundle_site_head.css HTTP/1.1" 200 55531 "https://www.zanbil.ir/filter/b1,p62" "Mozilla/5.0 (Windows NT 6.1; Win64; x64) AppleWebKit/537.36 (KHTML, like Gecko) Chrome/71.0.3578.98 Safari/537.36" "-"
130.185.74.243 - - [22/Jan/2019:03:59:09 +0330] "GET /filter/stexists,p8391,b80?page=8 HTTP/1.1" 200 31013 "-" "Mozilla/5.0 (Windows NT 6.1; rv:42.0) Gecko/20100101 Firefox/42.0" "-"
204.18.198.248 - - [22/Jan/2019:03:59:09 +0330] "GET /settings/logo HTTP/1.1" 200 4120 "https://www.zanbil.ir/m/product/3597/2542/%D8%A2%D8%A8-%D9%BE%D8%B1%D8%AA%D9%82%D8%A7%D9%84-%DA%AF%DB%8C%D8%B1%DB%8C-%D8%AA%D9%81%D8%A7%D9%84-%D9%85%D8%AF%D9%84-8309" "Mozilla/5.0 (iPhone; CPU iPhone OS 12_1 like Mac OS X) AppleWebKit/605.1.15 (KHTML, like Gecko) Version/12.0 Mobile/15E148 Safari/604.1" "-"
95.81.118.56 - - [22/Jan/2019:03:59:09 +0330] "GET /image/%7B%7BbasketItem.id%7D%7D?type=productModel&wh=50x50 HTTP/1.1" 200 5 "https://www.zanbil.ir/filter/b1,p62" "Mozilla/5.0 (Windows NT 6.1; Win64; x64) AppleWebKit/537.36 (KHTML, like Gecko) Chrome/71.0.3578.98 Safari/537.36" "-"
5.115.54.117 - - [22/Jan/2019:03:59:09 +0330] "GET /favicon.ico HTTP/1.1" 200 0 "-" "Mozilla/5.0 (Android 8.0.0; Mobile; rv:62.0.3) Gecko/62.0.3 Firefox/62.0.3" "-"
5.115.54.117 - - [22/Jan/2019:03:59:10 +0330] "GET /image/180/brand HTTP/1.1" 200 2566 "https://www.zanbil.ir/m/browse/fryer/%D8%B3%D8%B1%D8%AE-%DA%A9%D9%86" "Mozilla/5.0 (Android 8.0.0; Mobile; rv:62.0) Gecko/62.0 Firefox/62.0" "-"
5.115.54.117 - - [22/Jan/2019:03:59:10 +0330] "GET /image/185/brand HTTP/1.1" 200 2299 "https://www.zanbil.ir/m/browse/fryer/%D8%B3%D8%B1%D8%AE-%DA%A9%D9%86" "Mozilla/5.0 (Android 8.0.0; Mobile; rv:62.0) Gecko/62.0 Firefox/62.0" "-"
5.115.54.117 - - [22/Jan/2019:03:59:10 +0330] "GET /image/3/brand HTTP/1.1" 200 2885 "https://www.zanbil.ir/m/browse/fryer/%D8%B3%D8%B1%D8%AE-%DA%A9%D9%86" "Mozilla/5.0 (Android 8.0.0; Mobile; rv:62.0) Gecko/62.0 Firefox/62.0" "-"
204.18.198.248 - - [22/Jan/2019:03:59:10 +0330] "GET /image/3597?name=1.jpg&wh=max HTTP/1.1" 200 32137 "https://www.zanbil.ir/m/product/3597/2542/%D8%A2%D8%A8-%D9%BE%D8%B1%D8%AA%D9%82%D8%A7%D9%84-%DA%AF%DB%8C%D8%B1%DB%8C-%D8%AA%D9%81%D8%A7%D9%84-%D9%85%D8%AF%D9%84-8309" "Mozilla/5.0 (iPhone; CPU iPhone OS 12_1 like Mac OS X) AppleWebKit/605.1.15 (KHTML, like Gecko) Version/12.0 Mobile/15E148 Safari/604.1" "-"
89.47.79.75 - - [22/Jan/2019:03:59:10 +0330] "GET /image/1218/mainSlide HTTP/1.1" 200 91935 "https://www.zanbil.ir/" "Mozilla/5.0 (Windows NT 6.3; Win64; x64) AppleWebKit/537.36 (KHTML, like Gecko) Chrome/71.0.3578.98 Safari/537.36" "-"
89.47.79.75 - - [22/Jan/2019:03:59:10 +0330] "GET /image/8727/specialSale HTTP/1.1" 200 36325 "https://www.zanbil.ir/" "Mozilla/5.0 (Windows NT 6.3; Win64; x64) AppleWebKit/537.36 (KHTML, like Gecko) Chrome/71.0.3578.98 Safari/537.36" "-"
91.99.72.15 - - [22/Jan/2019:03:59:10 +0330] "GET /product/29146?model=58399 HTTP/1.1" 200 41191 "-" "Mozilla/5.0 (X11; Linux x86_64) AppleWebKit/537.36 (KHTML, like Gecko) Chrome/53.0.2785.92 Safari/537.36" "-"
89.47.79.75 - - [22/Jan/2019:03:59:10 +0330] "GET /image/8712/specialSale HTTP/1.1" 200 36301 "https://www.zanbil.ir/" "Mozilla/5.0 (Windows NT 6.3; Win64; x64) AppleWebKit/537.36 (KHTML, like Gecko) Chrome/71.0.3578.98 Safari/537.36" "-"
89.47.79.75 - - [22/Jan/2019:03:59:10 +0330] "GET /image/8739/specialSale HTTP/1.1" 200 36441 "https://www.zanbil.ir/" "Mozilla/5.0 (Windows NT 6.3; Win64; x64) AppleWebKit/537.36 (KHTML, like Gecko) Chrome/71.0.3578.98 Safari/537.36" "-"
89.47.79.75 - - [22/Jan/2019:03:59:10 +0330] "GET /image/1210/mainSlide HTTP/1.1" 200 111160 "https://www.zanbil.ir/" "Mozilla/5.0 (Windows NT 6.3; Win64; x64) AppleWebKit/537.36 (KHTML, like Gecko) Chrome/71.0.3578.98 Safari/537.36" "-"
89.47.79.75 - - [22/Jan/2019:03:59:10 +0330] "GET /image/1215/mainSlide HTTP/1.1" 200 90970 "https://www.zanbil.ir/" "Mozilla/5.0 (Windows NT 6.3; Win64; x64) AppleWebKit/537.36 (KHTML, like Gecko) Chrome/71.0.3578.98 Safari/537.36" "-"
89.47.79.75 - - [22/Jan/2019:03:59:10 +0330] "GET /static/bundle-bundle_site_defer.min.js HTTP/1.1" 200 185207 "https://www.zanbil.ir/" "Mozilla/5.0 (Windows NT 6.3; Win64; x64) AppleWebKit/537.36 (KHTML, like Gecko) Chrome/71.0.3578.98 Safari/537.36" "-"
89.47.79.75 - - [22/Jan/2019:03:59:10 +0330] "GET /image/1/productType/240x180 HTTP/1.1" 200 16901 "https://www.zanbil.ir/" "Mozilla/5.0 (Windows NT 6.3; Win64; x64) AppleWebKit/537.36 (KHTML, like Gecko) Chrome/71.0.3578.98 Safari/537.36" "-"
89.47.79.75 - - [22/Jan/2019:03:59:10 +0330] "GET /image/38/productType/240x180 HTTP/1.1" 200 7963 "https://www.zanbil.ir/" "Mozilla/5.0 (Windows NT 6.3; Win64; x64) AppleWebKit/537.36 (KHTML, like Gecko) Chrome/71.0.3578.98 Safari/537.36" "-"
89.47.79.75 - - [22/Jan/2019:03:59:10 +0330] "GET /image/5935/productType/240x180 HTTP/1.1" 200 17326 "https://www.zanbil.ir/" "Mozilla/5.0 (Windows NT 6.3; Win64; x64) AppleWebKit/537.36 (KHTML, like Gecko) Chrome/71.0.3578.98 Safari/537.36" "-"
89.47.79.75 - - [22/Jan/2019:03:59:10 +0330] "GET /image/5506/productType/240x180 HTTP/1.1" 200 16837 "https://www.zanbil.ir/" "Mozilla/5.0 (Windows NT 6.3; Win64; x64) AppleWebKit/537.36 (KHTML, like Gecko) Chrome/71.0.3578.98 Safari/537.36" "-"
89.47.79.75 - - [22/Jan/2019:03:59:10 +0330] "GET /image/51/productType/240x180 HTTP/1.1" 200 17251 "https://www.zanbil.ir/" "Mozilla/5.0 (Windows NT 6.3; Win64; x64) AppleWebKit/537.36 (KHTML, like Gecko) Chrome/71.0.3578.98 Safari/537.36" "-"
89.47.79.75 - - [22/Jan/2019:03:59:10 +0330] "GET /image/11640/productType/240x180 HTTP/1.1" 200 17339 "https://www.zanbil.ir/" "Mozilla/5.0 (Windows NT 6.3; Win64; x64) AppleWebKit/537.36 (KHTML, like Gecko) Chrome/71.0.3578.98 Safari/537.36" "-"
130.185.74.243 - - [22/Jan/2019:03:59:10 +0330] "GET /filter/stexists,p8391,b80?page=9 HTTP/1.1" 200 31013 "-" "Mozilla/5.0 (Windows NT 6.1; rv:42.0) Gecko/20100101 Firefox/42.0" "-"
89.47.79.75 - - [22/Jan/2019:03:59:10 +0330] "GET /image/11671/productType/240x180 HTTP/1.1" 200 17046 "https://www.zanbil.ir/" "Mozilla/5.0 (Windows NT 6.3; Win64; x64) AppleWebKit/537.36 (KHTML, like Gecko) Chrome/71.0.3578.98 Safari/537.36" "-"
89.47.79.75 - - [22/Jan/2019:03:59:10 +0330] "GET /image/33536/productType/240x180 HTTP/1.1" 200 22177 "https://www.zanbil.ir/" "Mozilla/5.0 (Windows NT 6.3; Win64; x64) AppleWebKit/537.36 (KHTML, like Gecko) Chrome/71.0.3578.98 Safari/537.36" "-"
89.47.79.75 - - [22/Jan/2019:03:59:10 +0330] "GET /image/6213/productType/240x180 HTTP/1.1" 200 17786 "https://www.zanbil.ir/" "Mozilla/5.0 (Windows NT 6.3; Win64; x64) AppleWebKit/537.36 (KHTML, like Gecko) Chrome/71.0.3578.98 Safari/537.36" "-"
89.47.79.75 - - [22/Jan/2019:03:59:10 +0330] "GET /image/11893/productType/240x180 HTTP/1.1" 200 11916 "https://www.zanbil.ir/" "Mozilla/5.0 (Windows NT 6.3; Win64; x64) AppleWebKit/537.36 (KHTML, like Gecko) Chrome/71.0.3578.98 Safari/537.36" "-"
89.47.79.75 - - [22/Jan/2019:03:59:11 +0330] "GET /image/1195/article/100x100 HTTP/1.1" 200 12946 "https://www.zanbil.ir/" "Mozilla/5.0 (Windows NT 6.3; Win64; x64) AppleWebKit/537.36 (KHTML, like Gecko) Chrome/71.0.3578.98 Safari/537.36" "-"
89.47.79.75 - - [22/Jan/2019:03:59:11 +0330] "GET /static/images/amp/instagram.png HTTP/1.1" 200 7146 "https://www.zanbil.ir/" "Mozilla/5.0 (Windows NT 6.3; Win64; x64) AppleWebKit/537.36 (KHTML, like Gecko) Chrome/71.0.3578.98 Safari/537.36" "-"
89.47.79.75 - - [22/Jan/2019:03:59:11 +0330] "GET /image/1191/article/100x100 HTTP/1.1" 200 18870 "https://www.zanbil.ir/" "Mozilla/5.0 (Windows NT 6.3; Win64; x64) AppleWebKit/537.36 (KHTML, like Gecko) Chrome/71.0.3578.98 Safari/537.36" "-"
89.47.79.75 - - [22/Jan/2019:03:59:11 +0330] "GET /static/images/amp/telegram.png HTTP/1.1" 200 4859 "https://www.zanbil.ir/" "Mozilla/5.0 (Windows NT 6.3; Win64; x64) AppleWebKit/537.36 (KHTML, like Gecko) Chrome/71.0.3578.98 Safari/537.36" "-"
89.47.79.75 - - [22/Jan/2019:03:59:11 +0330] "GET /image/1194/article/100x100 HTTP/1.1" 200 10421 "https://www.zanbil.ir/" "Mozilla/5.0 (Windows NT 6.3; Win64; x64) AppleWebKit/537.36 (KHTML, like Gecko) Chrome/71.0.3578.98 Safari/537.36" "-"
89.47.79.75 - - [22/Jan/2019:03:59:11 +0330] "GET /static/css/font_awesome/fonts/fontawesome-webfont.woff2?v=4.7.0 HTTP/1.1" 200 77171 "https://znbl.ir/static/bundle-bundle_site_head.css" "Mozilla/5.0 (Windows NT 6.3; Win64; x64) AppleWebKit/537.36 (KHTML, like Gecko) Chrome/71.0.3578.98 Safari/537.36" "-"
89.47.79.75 - - [22/Jan/2019:03:59:11 +0330] "GET /static/images/third-party/footer.png HTTP/1.1" 200 56076 "https://www.zanbil.ir/" "Mozilla/5.0 (Windows NT 6.3; Win64; x64) AppleWebKit/537.36 (KHTML, like Gecko) Chrome/71.0.3578.98 Safari/537.36" "-"
89.47.79.75 - - [22/Jan/2019:03:59:11 +0330] "GET /image/1193/article/100x100 HTTP/1.1" 200 19086 "https://www.zanbil.ir/" "Mozilla/5.0 (Windows NT 6.3; Win64; x64) AppleWebKit/537.36 (KHTML, like Gecko) Chrome/71.0.3578.98 Safari/537.36" "-"
89.47.79.75 - - [22/Jan/2019:03:59:11 +0330] "GET /static/images/amp/blog.png HTTP/1.1" 200 3863 "https://www.zanbil.ir/" "Mozilla/5.0 (Windows NT 6.3; Win64; x64) AppleWebKit/537.36 (KHTML, like Gecko) Chrome/71.0.3578.98 Safari/537.36" "-"
89.47.79.75 - - [22/Jan/2019:03:59:11 +0330] "GET /static/images/search-category-arrow.png HTTP/1.1" 200 217 "https://znbl.ir/static/bundle-bundle_site_head.css" "Mozilla/5.0 (Windows NT 6.3; Win64; x64) AppleWebKit/537.36 (KHTML, like Gecko) Chrome/71.0.3578.98 Safari/537.36" "-"
89.47.79.75 - - [22/Jan/2019:03:59:11 +0330] "GET /static/images/icons/btn-search.png HTTP/1.1" 200 393 "https://znbl.ir/static/bundle-bundle_site_head.css" "Mozilla/5.0 (Windows NT 6.3; Win64; x64) AppleWebKit/537.36 (KHTML, like Gecko) Chrome/71.0.3578.98 Safari/537.36" "-"
89.47.79.75 - - [22/Jan/2019:03:59:11 +0330] "GET /static/images/loading.gif HTTP/1.1" 200 7370 "https://znbl.ir/static/bundle-bundle_site_head.css" "Mozilla/5.0 (Windows NT 6.3; Win64; x64) AppleWebKit/537.36 (KHTML, like Gecko) Chrome/71.0.3578.98 Safari/537.36" "-"
89.47.79.75 - - [22/Jan/2019:03:59:11 +0330] "GET /static/images/guarantees/goodShopping.png HTTP/1.1" 200 6496 "https://www.zanbil.ir/" "Mozilla/5.0 (Windows NT 6.3; Win64; x64) AppleWebKit/537.36 (KHTML, like Gecko) Chrome/71.0.3578.98 Safari/537.36" "-"
89.47.79.75 - - [22/Jan/2019:03:59:11 +0330] "GET /static/images/guarantees/warranty.png HTTP/1.1" 200 5807 "https://www.zanbil.ir/" "Mozilla/5.0 (Windows NT 6.3; Win64; x64) AppleWebKit/537.36 (KHTML, like Gecko) Chrome/71.0.3578.98 Safari/537.36" "-"
89.47.79.75 - - [22/Jan/2019:03:59:11 +0330] "GET /static/images/arrow-right.png HTTP/1.1" 200 475 "https://znbl.ir/static/bundle-bundle_site_head.css" "Mozilla/5.0 (Windows NT 6.3; Win64; x64) AppleWebKit/537.36 (KHTML, like Gecko) Chrome/71.0.3578.98 Safari/537.36" "-"
89.47.79.75 - - [22/Jan/2019:03:59:11 +0330] "GET /static/images/arrow-left.png HTTP/1.1" 200 474 "https://znbl.ir/static/bundle-bundle_site_head.css" "Mozilla/5.0 (Windows NT 6.3; Win64; x64) AppleWebKit/537.36 (KHTML, like Gecko) Chrome/71.0.3578.98 Safari/537.36" "-"
89.47.79.75 - - [22/Jan/2019:03:59:11 +0330] "GET /static/images/guarantees/fastDelivery.png HTTP/1.1" 200 7713 "https://www.zanbil.ir/" "Mozilla/5.0 (Windows NT 6.3; Win64; x64) AppleWebKit/537.36 (KHTML, like Gecko) Chrome/71.0.3578.98 Safari/537.36" "-"
89.47.79.75 - - [22/Jan/2019:03:59:11 +0330] "GET /static/images/guarantees/bestPrice.png HTTP/1.1" 200 7356 "https://www.zanbil.ir/" "Mozilla/5.0 (Windows NT 6.3; Win64; x64) AppleWebKit/537.36 (KHTML, like Gecko) Chrome/71.0.3578.98 Safari/537.36" "-"
89.47.79.75 - - [22/Jan/2019:03:59:11 +0330] "GET /static/images/guarantees/support.png HTTP/1.1" 200 6454 "https://www.zanbil.ir/" "Mozilla/5.0 (Windows NT 6.3; Win64; x64) AppleWebKit/537.36 (KHTML, like Gecko) Chrome/71.0.3578.98 Safari/537.36" "-"
89.47.79.75 - - [22/Jan/2019:03:59:11 +0330] "GET /static/images/guarantees/pos.png HTTP/1.1" 200 6465 "https://www.zanbil.ir/" "Mozilla/5.0 (Windows NT 6.3; Win64; x64) AppleWebKit/537.36 (KHTML, like Gecko) Chrome/71.0.3578.98 Safari/537.36" "-"
89.47.79.75 - - [22/Jan/2019:03:59:11 +0330] "GET /static/images/jcountdown/jcountdown_metal_black.png HTTP/1.1" 200 17355 "https://znbl.ir/static/bundle-bundle_site_head.css" "Mozilla/5.0 (Windows NT 6.3; Win64; x64) AppleWebKit/537.36 (KHTML, like Gecko) Chrome/71.0.3578.98 Safari/537.36" "-"
89.47.79.75 - - [22/Jan/2019:03:59:11 +0330] "GET /static/images/tracking-bg.png HTTP/1.1" 200 16988 "https://www.zanbil.ir/" "Mozilla/5.0 (Windows NT 6.3; Win64; x64) AppleWebKit/537.36 (KHTML, like Gecko) Chrome/71.0.3578.98 Safari/537.36" "-"
66.249.66.194 - - [22/Jan/2019:03:59:11 +0330] "GET /m/filter/b105,b113,b118,b126,b135,b136,b152,b168,b188,b192,b194,b209,b213,b215,b216,b217,b218,b221,b226,b249,b32,b35,b4,b400,b41,b435,b442,b482,b523,b542,b546,b548,b574,b597,b598,b6,b645,b656,b67,b679,b703,b723,b724,b74,b820,b854,b88,b880,b95,b99,stexists HTTP/1.1" 200 26437 "-" "Mozilla/5.0 (Linux; Android 6.0.1; Nexus 5X Build/MMB29P) AppleWebKit/537.36 (KHTML, like Gecko) Chrome/41.0.2272.96 Mobile Safari/537.36 (compatible; Googlebot/2.1; +http://www.google.com/bot.html)" "-"
89.47.79.75 - - [22/Jan/2019:03:59:11 +0330] "GET /static/images/zanbil-kharid.png HTTP/1.1" 200 358 "https://znbl.ir/static/bundle-bundle_site_head.css" "Mozilla/5.0 (Windows NT 6.3; Win64; x64) AppleWebKit/537.36 (KHTML, like Gecko) Chrome/71.0.3578.98 Safari/537.36" "-"
95.81.118.56 - - [22/Jan/2019:03:59:11 +0330] "GET /image/5/brand HTTP/1.1" 200 2171 "https://www.zanbil.ir/filter/b1,p62" "Mozilla/5.0 (Windows NT 6.1; Win64; x64) AppleWebKit/537.36 (KHTML, like Gecko) Chrome/71.0.3578.98 Safari/537.36" "-"
54.36.149.59 - - [22/Jan/2019:03:59:11 +0330] "GET /filter/p6%2Cv1%7C%D8%B3%DB%8C%D9%84%D9%88%D8%B1.%2Cb126 HTTP/1.1" 200 33822 "-" "Mozilla/5.0 (compatible; AhrefsBot/6.1; +http://ahrefs.com/robot/)" "-"
95.81.118.56 - - [22/Jan/2019:03:59:11 +0330] "GET /static/images/loading.gif HTTP/1.1" 200 7370 "https://www.zanbil.ir/filter/b1,p62" "Mozilla/5.0 (Windows NT 6.1; Win64; x64) AppleWebKit/537.36 (KHTML, like Gecko) Chrome/71.0.3578.98 Safari/537.36" "-"
91.99.72.15 - - [22/Jan/2019:03:59:11 +0330] "GET /product/26360/53971/%D9%BE%DB%8C%D8%A7%D9%86%D9%88-%D8%A2%DA%A9%D9%88%D8%B3%D8%AA%DB%8C%DA%A9-%D8%AF%DB%8C%D9%88%D8%A7%D8%B1%DB%8C-YAMAHA-%D9%85%D8%AF%D9%84-M5 HTTP/1.1" 200 40765 "-" "Mozilla/5.0 (Windows NT 6.1; WOW64) AppleWebKit/535.7(KHTML, like Gecko) Chrome/16.0.912.36 Safari/535.7" "-"
66.249.66.194 - - [22/Jan/2019:03:59:11 +0330] "GET /product/6456?model=7491 HTTP/1.1" 404 33630 "-" "Mozilla/5.0 (compatible; Googlebot/2.1; +http://www.google.com/bot.html)" "-"
95.81.118.56 - - [22/Jan/2019:03:59:12 +0330] "GET /image/1/brand HTTP/1.1" 200 3924 "https://www.zanbil.ir/filter/b1,p62" "Mozilla/5.0 (Windows NT 6.1; Win64; x64) AppleWebKit/537.36 (KHTML, like Gecko) Chrome/71.0.3578.98 Safari/537.36" "-"
66.249.66.91 - - [22/Jan/2019:03:59:12 +0330] "GET /filter/b874%2Cb32%2Cb63%2Cb99%2Cb126%2Cb820%2Cb249%2Cb3%2Cb148%2Cb724%2Cb613%2Cb183%2Cb213%2Cb484%2Cb224%2Cb734%2Cb20%2Cb95%2Cb542%2Cb212%2Cb485%2Cb523%2Cb221%2Cb118%2Cb186%2Cb67?page=7 HTTP/1.1" 200 39945 "-" "Mozilla/5.0 (compatible; Googlebot/2.1; +http://www.google.com/bot.html)" "-"
207.46.13.104 - - [22/Jan/2019:03:59:12 +0330] "GET /blog/home-appliances/beverage-preperation-and-storage/electric-kettle/%d8%af%d9%85%d9%86%d9%88%d8%b4-%d9%87%d8%a7%d9%8a-%d9%85%d9%81%d9%8a%d8%af-%d8%a8%d8%b1%d8%a7%d9%8a-%d8%a8%d9%80%d9%80%d9%8a%d9%80%d9%85%d8%a7%d8%b1%d8%a7%d9%86-%d8%af%d9%8a%d8%a7%d8%a8%d8%aa%db%8c/ HTTP/1.1" 200 23065 "-" "Mozilla/5.0 (compatible; bingbot/2.0; +http://www.bing.com/bingbot.htm)" "-"
89.47.79.75 - - [22/Jan/2019:03:59:12 +0330] "GET /site/alexaGooleAnalitic HTTP/1.1" 200 323 "https://www.zanbil.ir/" "Mozilla/5.0 (Windows NT 6.3; Win64; x64) AppleWebKit/537.36 (KHTML, like Gecko) Chrome/71.0.3578.98 Safari/537.36" "-"
89.47.79.75 - - [22/Jan/2019:03:59:12 +0330] "GET /site/enamad HTTP/1.1" 200 278 "https://www.zanbil.ir/" "Mozilla/5.0 (Windows NT 6.3; Win64; x64) AppleWebKit/537.36 (KHTML, like Gecko) Chrome/71.0.3578.98 Safari/537.36" "-"
91.99.72.15 - - [22/Jan/2019:03:59:12 +0330] "GET /product/26359/53970/%D9%BE%DB%8C%D8%A7%D9%86%D9%88-%D8%A2%DA%A9%D9%88%D8%B3%D8%AA%DB%8C%DA%A9-%D8%AF%DB%8C%D9%88%D8%A7%D8%B1%DB%8C-YAMAHA-%D9%85%D8%AF%D9%84-M3 HTTP/1.1" 200 40657 "-" "Mozilla/5.0 (Macintosh; Intel Mac OS X 10_7_3) AppleWebKit/534.55.3 (KHTML, like Gecko) Version/5.1.3 Safari/534.53.10" "-"
5.211.97.39 - - [22/Jan/2019:03:59:12 +0330] "HEAD /amp_preconnect_polyfill_404_or_other_error_expected._Do_not_worry_about_it?1548117180000 HTTP/1.1" 404 0 "https://www.zanbil.ir/m/browse/mixer/%D9%87%D9%85%D8%B2%D9%86" "Mozilla/5.0 (iPhone; CPU iPhone OS 10_3_2 like Mac OS X) AppleWebKit/603.2.4 (KHTML, like Gecko) Version/10.0 Mobile/14F89 Safari/602.1" "-"
207.46.13.136 - - [22/Jan/2019:03:59:12 +0330] "GET /filter/b180,b249,b615,b647 HTTP/1.1" 200 37202 "-" "Mozilla/5.0 (compatible; bingbot/2.0; +http://www.bing.com/bingbot.htm)" "-"
130.185.74.243 - - [22/Jan/2019:03:59:12 +0330] "GET /filter/stexists,p8391,b80?page=10 HTTP/1.1" 200 31013 "-" "Mozilla/5.0 (Windows NT 6.1; rv:42.0) Gecko/20100101 Firefox/42.0" "-"
95.81.118.56 - - [22/Jan/2019:03:59:13 +0330] "GET /image/113/brand HTTP/1.1" 200 2287 "https://www.zanbil.ir/filter/b1,p62" "Mozilla/5.0 (Windows NT 6.1; Win64; x64) AppleWebKit/537.36 (KHTML, like Gecko) Chrome/71.0.3578.98 Safari/537.36" "-"
66.249.66.91 - - [22/Jan/2019:03:59:14 +0330] "GET /filter/b874%2Cb32%2Cb63%2Cb99%2Cb126%2Cb820%2Cb249%2Cb3%2Cb148%2Cb724%2Cb613%2Cb183%2Cb213%2Cb484%2Cb224%2Cb734%2Cb20%2Cb95%2Cb542%2Cb212%2Cb485%2Cb523%2Cb221%2Cb118%2Cb186%2Cb67?page=3 HTTP/1.1" 200 39796 "-" "Mozilla/5.0 (compatible; Googlebot/2.1; +http://www.google.com/bot.html)" "-"
204.18.198.248 - - [22/Jan/2019:03:59:14 +0330] "GET /image/9/productType/120x90 HTTP/1.1" 200 11386 "https://www.zanbil.ir/m/product/3597/2542/%D8%A2%D8%A8-%D9%BE%D8%B1%D8%AA%D9%82%D8%A7%D9%84-%DA%AF%DB%8C%D8%B1%DB%8C-%D8%AA%D9%81%D8%A7%D9%84-%D9%85%D8%AF%D9%84-8309" "Mozilla/5.0 (iPhone; CPU iPhone OS 12_1 like Mac OS X) AppleWebKit/605.1.15 (KHTML, like Gecko) Version/12.0 Mobile/15E148 Safari/604.1" "-"
95.81.118.56 - - [22/Jan/2019:03:59:15 +0330] "GET /image/2/brand HTTP/1.1" 200 4842 "https://www.zanbil.ir/filter/b1,p62" "Mozilla/5.0 (Windows NT 6.1; Win64; x64) AppleWebKit/537.36 (KHTML, like Gecko) Chrome/71.0.3578.98 Safari/537.36" "-"
66.249.66.194 - - [22/Jan/2019:03:59:15 +0330] "GET /m/filter/b19,p53 HTTP/1.1" 200 18775 "-" "Mozilla/5.0 (Linux; Android 6.0.1; Nexus 5X Build/MMB29P) AppleWebKit/537.36 (KHTML, like Gecko) Chrome/41.0.2272.96 Mobile Safari/537.36 (compatible; Googlebot/2.1; +http://www.google.com/bot.html)" "-"
5.115.54.117 - - [22/Jan/2019:03:59:15 +0330] "GET /image/2170/productModel/200x200 HTTP/1.1" 200 3889 "https://www.zanbil.ir/m/browse/fryer/%D8%B3%D8%B1%D8%AE-%DA%A9%D9%86" "Mozilla/5.0 (Android 8.0.0; Mobile; rv:62.0) Gecko/62.0 Firefox/62.0" "-"
95.81.118.56 - - [22/Jan/2019:03:59:15 +0330] "GET /image/764/mainSlide HTTP/1.1" 200 92964 "https://www.zanbil.ir/filter/b1,p62" "Mozilla/5.0 (Windows NT 6.1; Win64; x64) AppleWebKit/537.36 (KHTML, like Gecko) Chrome/71.0.3578.98 Safari/537.36" "-"
66.249.66.194 - - [22/Jan/2019:03:59:15 +0330] "GET /m/filter/b1,b103,b126,b136,b143,b148,b183,b185,b188,b192,b198,b20,b202,b216,b218,b221,b226,b236,b249,b256,b261,b270,b3,b308,b32,b36,b4,b41,b42,b43,b441,b454,b481,b484,b523,b548,b570,b573,b598,b6,b613,b614,b63,b647,b651,b703,b874,b879,b88,b880,b883,b890,b900,b903,b99,stexists HTTP/1.1" 200 27313 "-" "Mozilla/5.0 (Linux; Android 6.0.1; Nexus 5X Build/MMB29P) AppleWebKit/537.36 (KHTML, like Gecko) Chrome/41.0.2272.96 Mobile Safari/537.36 (compatible; Googlebot/2.1; +http://www.google.com/bot.html)" "-"
95.81.118.56 - - [22/Jan/2019:03:59:16 +0330] "GET /static/bundle-bundle_site_defer.min.js HTTP/1.1" 200 185207 "https://www.zanbil.ir/filter/b1,p62" "Mozilla/5.0 (Windows NT 6.1; Win64; x64) AppleWebKit/537.36 (KHTML, like Gecko) Chrome/71.0.3578.98 Safari/537.36" "-"
66.249.66.194 - - [22/Jan/2019:03:59:16 +0330] "GET /product/1538 HTTP/1.1" 404 33630 "-" "Mozilla/5.0 (compatible; Googlebot/2.1; +http://www.google.com/bot.html)" "-"
95.81.118.56 - - [22/Jan/2019:03:59:16 +0330] "GET /static/images/exists.png HTTP/1.1" 200 2212 "https://www.zanbil.ir/filter/b1,p62" "Mozilla/5.0 (Windows NT 6.1; Win64; x64) AppleWebKit/537.36 (KHTML, like Gecko) Chrome/71.0.3578.98 Safari/537.36" "-"
91.251.165.118 - - [22/Jan/2019:03:59:17 +0330] "GET /static/images/amp/instagram.png HTTP/1.1" 200 7146 "https://www.zanbil.ir/m/filter/p2597?page=1" "Mozilla/5.0 (iPhone; CPU iPhone OS 12_1_2 like Mac OS X) AppleWebKit/605.1.15 (KHTML, like Gecko) Version/12.0 Mobile/15E148 Safari/604.1" "-"
95.81.118.56 - - [22/Jan/2019:03:59:17 +0330] "GET /static/css/font/wyekan/font.woff HTTP/1.1" 200 28536 "https://znbl.ir/static/bundle-bundle_site_head.css" "Mozilla/5.0 (Windows NT 6.1; Win64; x64) AppleWebKit/537.36 (KHTML, like Gecko) Chrome/71.0.3578.98 Safari/537.36" "-"
91.251.165.118 - - [22/Jan/2019:03:59:17 +0330] "GET /static/images/amp/telegram.png HTTP/1.1" 200 4859 "https://www.zanbil.ir/m/filter/p2597?page=1" "Mozilla/5.0 (iPhone; CPU iPhone OS 12_1_2 like Mac OS X) AppleWebKit/605.1.15 (KHTML, like Gecko) Version/12.0 Mobile/15E148 Safari/604.1" "-"
91.251.165.118 - - [22/Jan/2019:03:59:17 +0330] "GET /static/images/amp/blog.png HTTP/1.1" 200 3863 "https://www.zanbil.ir/m/filter/p2597?page=1" "Mozilla/5.0 (iPhone; CPU iPhone OS 12_1_2 like Mac OS X) AppleWebKit/605.1.15 (KHTML, like Gecko) Version/12.0 Mobile/15E148 Safari/604.1" "-"
91.251.165.118 - - [22/Jan/2019:03:59:17 +0330] "GET /static/images/amp/third-party/footer-mobile.png HTTP/1.1" 200 62894 "https://www.zanbil.ir/m/filter/p2597?page=1" "Mozilla/5.0 (iPhone; CPU iPhone OS 12_1_2 like Mac OS X) AppleWebKit/605.1.15 (KHTML, like Gecko) Version/12.0 Mobile/15E148 Safari/604.1" "-"
95.81.118.56 - - [22/Jan/2019:03:59:17 +0330] "GET /static/css/font_awesome/fonts/fontawesome-webfont.woff2?v=4.7.0 HTTP/1.1" 200 77171 "https://znbl.ir/static/bundle-bundle_site_head.css" "Mozilla/5.0 (Windows NT 6.1; Win64; x64) AppleWebKit/537.36 (KHTML, like Gecko) Chrome/71.0.3578.98 Safari/537.36" "-"
54.36.148.100 - - [22/Jan/2019:03:59:17 +0330] "GET /filter/790|3800,790|5000,p40,v1|%D8%B3%D9%81%DB%8C%D8%AF%20%D8%A2%D8%A8%DB%8C HTTP/1.1" 200 31183 "-" "Mozilla/5.0 (compatible; AhrefsBot/6.1; +http://ahrefs.com/robot/)" "-"
17.58.102.43 - - [22/Jan/2019:03:59:18 +0330] "GET /filter/b211%2Cb502%2Cb229%2Cb99%2Cb50%2Cb306%2Cb201%2Cb183%2Cb465%2Cb326%2Cb269%2Cb517%2Cb483%2Cb203%2Cb239%2Cb105%2Cb186?page=16 HTTP/1.1" 200 38510 "-" "Mozilla/5.0 (Macintosh; Intel Mac OS X 10_10_1) AppleWebKit/600.2.5 (KHTML, like Gecko) Version/8.0.2 Safari/600.2.5 (Applebot/0.1; +http://www.apple.com/go/applebot)" "-"
95.81.118.56 - - [22/Jan/2019:03:59:18 +0330] "GET /static/images/guarantees/goodShopping.png HTTP/1.1" 200 6496 "https://www.zanbil.ir/filter/b1,p62" "Mozilla/5.0 (Windows NT 6.1; Win64; x64) AppleWebKit/537.36 (KHTML, like Gecko) Chrome/71.0.3578.98 Safari/537.36" "-"
95.81.118.56 - - [22/Jan/2019:03:59:18 +0330] "GET /static/images/guarantees/warranty.png HTTP/1.1" 200 5807 "https://www.zanbil.ir/filter/b1,p62" "Mozilla/5.0 (Windows NT 6.1; Win64; x64) AppleWebKit/537.36 (KHTML, like Gecko) Chrome/71.0.3578.98 Safari/537.36" "-"
95.81.118.56 - - [22/Jan/2019:03:59:18 +0330] "GET /static/images/guarantees/bestPrice.png HTTP/1.1" 200 7356 "https://www.zanbil.ir/filter/b1,p62" "Mozilla/5.0 (Windows NT 6.1; Win64; x64) AppleWebKit/537.36 (KHTML, like Gecko) Chrome/71.0.3578.98 Safari/537.36" "-"
95.81.118.56 - - [22/Jan/2019:03:59:18 +0330] "GET /static/images/guarantees/fastDelivery.png HTTP/1.1" 200 7713 "https://www.zanbil.ir/filter/b1,p62" "Mozilla/5.0 (Windows NT 6.1; Win64; x64) AppleWebKit/537.36 (KHTML, like Gecko) Chrome/71.0.3578.98 Safari/537.36" "-"
95.81.118.56 - - [22/Jan/2019:03:59:19 +0330] "GET /static/images/guarantees/support.png HTTP/1.1" 200 6454 "https://www.zanbil.ir/filter/b1,p62" "Mozilla/5.0 (Windows NT 6.1; Win64; x64) AppleWebKit/537.36 (KHTML, like Gecko) Chrome/71.0.3578.98 Safari/537.36" "-"
95.81.118.56 - - [22/Jan/2019:03:59:19 +0330] "GET /static/images/guarantees/pos.png HTTP/1.1" 200 6465 "https://www.zanbil.ir/filter/b1,p62" "Mozilla/5.0 (Windows NT 6.1; Win64; x64) AppleWebKit/537.36 (KHTML, like Gecko) Chrome/71.0.3578.98 Safari/537.36" "-"
95.81.118.56 - - [22/Jan/2019:03:59:19 +0330] "GET /site/alexaGooleAnalitic HTTP/1.1" 200 323 "https://www.zanbil.ir/filter/b1,p62" "Mozilla/5.0 (Windows NT 6.1; Win64; x64) AppleWebKit/537.36 (KHTML, like Gecko) Chrome/71.0.3578.98 Safari/537.36" "-"
95.81.118.56 - - [22/Jan/2019:03:59:19 +0330] "GET /settings/logo HTTP/1.1" 200 4120 "https://www.zanbil.ir/filter/b1,p62" "Mozilla/5.0 (Windows NT 6.1; Win64; x64) AppleWebKit/537.36 (KHTML, like Gecko) Chrome/71.0.3578.98 Safari/537.36" "-"
95.81.118.56 - - [22/Jan/2019:03:59:19 +0330] "GET /static/images/zanbil-kharid.png HTTP/1.1" 200 358 "https://znbl.ir/static/bundle-bundle_site_head.css" "Mozilla/5.0 (Windows NT 6.1; Win64; x64) AppleWebKit/537.36 (KHTML, like Gecko) Chrome/71.0.3578.98 Safari/537.36" "-"
95.81.118.56 - - [22/Jan/2019:03:59:19 +0330] "GET /static/images/arrow-right.png HTTP/1.1" 200 475 "https://znbl.ir/static/bundle-bundle_site_head.css" "Mozilla/5.0 (Windows NT 6.1; Win64; x64) AppleWebKit/537.36 (KHTML, like Gecko) Chrome/71.0.3578.98 Safari/537.36" "-"
95.81.118.56 - - [22/Jan/2019:03:59:19 +0330] "GET /static/images/arrow-left.png HTTP/1.1" 200 474 "https://znbl.ir/static/bundle-bundle_site_head.css" "Mozilla/5.0 (Windows NT 6.1; Win64; x64) AppleWebKit/537.36 (KHTML, like Gecko) Chrome/71.0.3578.98 Safari/537.36" "-"
95.81.118.56 - - [22/Jan/2019:03:59:19 +0330] "GET /static/images/icons/btn-search.png HTTP/1.1" 200 393 "https://znbl.ir/static/bundle-bundle_site_head.css" "Mozilla/5.0 (Windows NT 6.1; Win64; x64) AppleWebKit/537.36 (KHTML, like Gecko) Chrome/71.0.3578.98 Safari/537.36" "-"
95.81.118.56 - - [22/Jan/2019:03:59:19 +0330] "GET /static/images/search-category-arrow.png HTTP/1.1" 200 217 "https://znbl.ir/static/bundle-bundle_site_head.css" "Mozilla/5.0 (Windows NT 6.1; Win64; x64) AppleWebKit/537.36 (KHTML, like Gecko) Chrome/71.0.3578.98 Safari/537.36" "-"
40.77.193.190 - - [22/Jan/2019:03:59:19 +0330] "GET /image/65187/productModel/150x150 HTTP/1.1" 200 3866 "-" "Mozilla/5.0 (Windows NT 6.1; WOW64) AppleWebKit/534+ (KHTML, like Gecko) BingPreview/1.0b" "-"
188.25.76.139 - - [22/Jan/2019:03:59:19 +0330] "GET / HTTP/1.0" 301 178 "-" "Mozilla/5.0 (compatible; MSIE 9.0; Windows NT 6.1; WOW64; Trident/5.0)" "-"
5.211.97.39 - - [22/Jan/2019:03:59:19 +0330] "HEAD /amp_preconnect_polyfill_404_or_other_error_expected._Do_not_worry_about_it?1548117180000 HTTP/1.1" 404 0 "https://www.zanbil.ir/m/browse/food-preparation/%D8%A2%D9%85%D8%A7%D8%AF%D9%87-%D8%B3%D8%A7%D8%B2%DB%8C-%D8%BA%D8%B0%D8%A7" "Mozilla/5.0 (iPhone; CPU iPhone OS 10_3_2 like Mac OS X) AppleWebKit/603.2.4 (KHTML, like Gecko) Version/10.0 Mobile/14F89 Safari/602.1" "-"
157.55.39.245 - - [22/Jan/2019:03:59:20 +0330] "GET /filter/b3,b408,p5506 HTTP/1.1" 200 36888 "-" "Mozilla/5.0 (compatible; bingbot/2.0; +http://www.bing.com/bingbot.htm)" "-"
204.18.198.248 - - [22/Jan/2019:03:59:21 +0330] "GET /image/1230/productType/120x90 HTTP/1.1" 200 11480 "https://www.zanbil.ir/m/product/3597/2542/%D8%A2%D8%A8-%D9%BE%D8%B1%D8%AA%D9%82%D8%A7%D9%84-%DA%AF%DB%8C%D8%B1%DB%8C-%D8%AA%D9%81%D8%A7%D9%84-%D9%85%D8%AF%D9%84-8309" "Mozilla/5.0 (iPhone; CPU iPhone OS 12_1 like Mac OS X) AppleWebKit/605.1.15 (KHTML, like Gecko) Version/12.0 Mobile/15E148 Safari/604.1" "-"
207.46.13.136 - - [22/Jan/2019:03:59:21 +0330] "GET /image/27142?name=44.jpg&wh=max HTTP/1.1" 200 33641 "-" "Mozilla/5.0 (compatible; bingbot/2.0; +http://www.bing.com/bingbot.htm)" "-"
5.115.54.117 - - [22/Jan/2019:03:59:21 +0330] "GET /image/55681/productModel/200x200 HTTP/1.1" 200 5750 "https://www.zanbil.ir/m/browse/fryer/%D8%B3%D8%B1%D8%AE-%DA%A9%D9%86" "Mozilla/5.0 (Android 8.0.0; Mobile; rv:62.0) Gecko/62.0 Firefox/62.0" "-"
95.81.118.56 - - [22/Jan/2019:03:59:21 +0330] "GET /image/65134/productModel/150x150 HTTP/1.1" 200 3835 "https://www.zanbil.ir/filter/b1,p62" "Mozilla/5.0 (Windows NT 6.1; Win64; x64) AppleWebKit/537.36 (KHTML, like Gecko) Chrome/71.0.3578.98 Safari/537.36" "-"
204.18.198.248 - - [22/Jan/2019:03:59:21 +0330] "GET /image/11568/productModel/150x150 HTTP/1.1" 200 2843 "https://www.zanbil.ir/m/product/3597/2542/%D8%A2%D8%A8-%D9%BE%D8%B1%D8%AA%D9%82%D8%A7%D9%84-%DA%AF%DB%8C%D8%B1%DB%8C-%D8%AA%D9%81%D8%A7%D9%84-%D9%85%D8%AF%D9%84-8309" "Mozilla/5.0 (iPhone; CPU iPhone OS 12_1 like Mac OS X) AppleWebKit/605.1.15 (KHTML, like Gecko) Version/12.0 Mobile/15E148 Safari/604.1" "-"
157.55.39.175 - - [22/Jan/2019:03:59:21 +0330] "GET /image/6223/productModel/100x100 HTTP/1.1" 200 2059 "-" "Mozilla/5.0 (compatible; bingbot/2.0; +http://www.bing.com/bingbot.htm)" "-"
66.249.66.91 - - [22/Jan/2019:03:59:21 +0330] "GET /image/4274?name=w2-340e.jpg&wh=200x200 HTTP/1.1" 200 2954 "-" "Googlebot-Image/1.0" "-"
130.185.74.243 - - [22/Jan/2019:03:59:21 +0330] "GET /filter/stexists,p8391,b80?page=11 HTTP/1.1" 200 31014 "-" "Mozilla/5.0 (Windows NT 6.1; rv:42.0) Gecko/20100101 Firefox/42.0" "-"
40.77.193.47 - - [22/Jan/2019:03:59:22 +0330] "GET /image/63362/productModel/150x150 HTTP/1.1" 200 3271 "-" "Mozilla/5.0 (Windows NT 6.1; WOW64) AppleWebKit/534+ (KHTML, like Gecko) BingPreview/1.0b" "-"
66.249.66.91 - - [22/Jan/2019:03:59:22 +0330] "GET /filter/b656%2Cb703%2Cb67%2Cb226%2Cb41%2Cb598%2Cb168%2Cb723%2Cb597%2Cb88%2Cb548%2Cb6%2Cb679%2Cb215%2Cb105%2Cb194%2Cb74%2Cb542%2Cb35%2Cb113%2Cb820%2Cb574%2Cb442%2Cb880%2Cb645%2Cb724%2Cb118%2Cb482%2Cb400%2Cb95%2Cb135%2Cb249%2Cb435%2Cb221%2Cb523%2Cb854%2Cb126%2Cstexists%2Cb216%2Cb217%2Cb152%2Cb99%2Cb188%2Cb209%2Cb192%2Cb213%2Cb136%2Cb218%2Cb4%2Cb648%2Cb258%2Cb270%2Cb180%2Cb256?page=42 HTTP/1.1" 200 41565 "-" "Mozilla/5.0 (compatible; Googlebot/2.1; +http://www.google.com/bot.html)" "-"
66.249.66.194 - - [22/Jan/2019:03:59:22 +0330] "GET /m/filter/b103,b105,b143,b147,b148,b151,b183,b185,b186,b188,b194,b198,b202,b203,b213,b215,b221,b224,b226,b231,b249,b256,b270,b32,b321,b35,b36,b4,b400,b41,b42,b43,b440,b481,b497,b5,b50,b523,b542,b546,b570,b573,b574,b584,b596,b597,b598,b6,b603,b613,b614,b619,b647,b648,b651,b656,b703,b734,b74,b778,b80,b82,b88,b888,b900,b903,b95,b99,stexists HTTP/1.1" 200 27934 "-" "Mozilla/5.0 (Linux; Android 6.0.1; Nexus 5X Build/MMB29P) AppleWebKit/537.36 (KHTML, like Gecko) Chrome/41.0.2272.96 Mobile Safari/537.36 (compatible; Googlebot/2.1; +http://www.google.com/bot.html)" "-"
34.247.132.53 - - [22/Jan/2019:03:59:22 +0330] "GET / HTTP/1.1" 200 30731 "-" "Mozilla/5.0 (Windows NT 10.0; Win64; x64) AppleWebKit/537.36 (KHTML, like Gecko) Chrome/63.0.3239.84 Safari/537.36" "-"
89.47.79.75 - - [22/Jan/2019:03:59:22 +0330] "GET / HTTP/1.1" 200 30731 "http://ptcnovin.com/viewads/1BBBEC237ZVO4436BC74444557V355DO4505E3655B3375D0957D93756311663H64H69171546UB5675359H27ZCE53UO5E76496" "Mozilla/5.0 (Windows NT 6.3; Win64; x64) AppleWebKit/537.36 (KHTML, like Gecko) Chrome/71.0.3578.98 Safari/537.36" "-"
66.249.66.194 - - [22/Jan/2019:03:59:22 +0330] "GET /product/24023 HTTP/1.1" 404 33631 "-" "Mozilla/5.0 (compatible; Googlebot/2.1; +http://www.google.com/bot.html)" "-"
89.47.79.75 - - [22/Jan/2019:03:59:22 +0330] "GET /settings/logo HTTP/1.1" 200 4120 "https://www.zanbil.ir/" "Mozilla/5.0 (Windows NT 6.3; Win64; x64) AppleWebKit/537.36 (KHTML, like Gecko) Chrome/71.0.3578.98 Safari/537.36" "-"
130.185.74.243 - - [22/Jan/2019:03:59:22 +0330] "GET /filter/stexists,p8391,b80?page=12 HTTP/1.1" 200 31014 "-" "Mozilla/5.0 (Windows NT 6.1; rv:42.0) Gecko/20100101 Firefox/42.0" "-"
66.249.66.194 - - [22/Jan/2019:03:59:23 +0330] "GET /m/filter/b1,b103,b126,b135,b151,b168,b183,b185,b19,b192,b194,b213,b215,b218,b219,b224,b231,b238,b261,b3,b321,b36,b41,b435,b441,b442,b484,b497,b5,b50,b542,b568,b573,b584,b598,b614,b619,b63,b647,b703,b723,b724,b74,b82,b878,b88,b880,b95,b99 HTTP/1.1" 200 26590 "-" "Mozilla/5.0 (Linux; Android 6.0.1; Nexus 5X Build/MMB29P) AppleWebKit/537.36 (KHTML, like Gecko) Chrome/41.0.2272.96 Mobile Safari/537.36 (compatible; Googlebot/2.1; +http://www.google.com/bot.html)" "-"
89.47.79.75 - - [22/Jan/2019:03:59:24 +0330] "GET /site/enamad HTTP/1.1" 200 278 "https://www.zanbil.ir/" "Mozilla/5.0 (Windows NT 6.3; Win64; x64) AppleWebKit/537.36 (KHTML, like Gecko) Chrome/71.0.3578.98 Safari/537.36" "-"
89.47.79.75 - - [22/Jan/2019:03:59:24 +0330] "GET /site/alexaGooleAnalitic HTTP/1.1" 200 323 "https://www.zanbil.ir/" "Mozilla/5.0 (Windows NT 6.3; Win64; x64) AppleWebKit/537.36 (KHTML, like Gecko) Chrome/71.0.3578.98 Safari/537.36" "-"
130.185.74.243 - - [22/Jan/2019:03:59:24 +0330] "GET /filter/stexists,p8392,b195 HTTP/1.1" 200 29681 "-" "Mozilla/5.0 (Windows NT 6.1; rv:42.0) Gecko/20100101 Firefox/42.0" "-"
130.185.74.243 - - [22/Jan/2019:03:59:25 +0330] "GET /filter/stexists,p8392,b195?page=1 HTTP/1.1" 200 29697 "-" "Mozilla/5.0 (Windows NT 6.1; rv:42.0) Gecko/20100101 Firefox/42.0" "-"
5.211.97.39 - - [22/Jan/2019:03:59:25 +0330] "GET /m/browse/electric-masher/%DA%AF%D9%88%D8%B4%D8%AA-%DA%A9%D9%88%D8%A8-%D8%A8%D8%B1%D9%82%DB%8C HTTP/1.1" 200 19229 "https://www.zanbil.ir/m/browse/food-preparation/%D8%A2%D9%85%D8%A7%D8%AF%D9%87-%D8%B3%D8%A7%D8%B2%DB%8C-%D8%BA%D8%B0%D8%A7" "Mozilla/5.0 (iPhone; CPU iPhone OS 10_3_2 like Mac OS X) AppleWebKit/603.2.4 (KHTML, like Gecko) Version/10.0 Mobile/14F89 Safari/602.1" "-"
5.211.97.39 - - [22/Jan/2019:03:59:26 +0330] "GET /settings/logo HTTP/1.1" 200 4120 "https://www.zanbil.ir/m/browse/electric-masher/%DA%AF%D9%88%D8%B4%D8%AA-%DA%A9%D9%88%D8%A8-%D8%A8%D8%B1%D9%82%DB%8C" "Mozilla/5.0 (iPhone; CPU iPhone OS 10_3_2 like Mac OS X) AppleWebKit/603.2.4 (KHTML, like Gecko) Version/10.0 Mobile/14F89 Safari/602.1" "-"
5.211.97.39 - - [22/Jan/2019:03:59:26 +0330] "GET /image/59609/productModel/200x200 HTTP/1.1" 200 5933 "https://www.zanbil.ir/m/browse/electric-masher/%DA%AF%D9%88%D8%B4%D8%AA-%DA%A9%D9%88%D8%A8-%D8%A8%D8%B1%D9%82%DB%8C" "Mozilla/5.0 (iPhone; CPU iPhone OS 10_3_2 like Mac OS X) AppleWebKit/603.2.4 (KHTML, like Gecko) Version/10.0 Mobile/14F89 Safari/602.1" "-"
5.211.97.39 - - [22/Jan/2019:03:59:26 +0330] "GET /image/62022/productModel/200x200 HTTP/1.1" 200 5443 "https://www.zanbil.ir/m/browse/electric-masher/%DA%AF%D9%88%D8%B4%D8%AA-%DA%A9%D9%88%D8%A8-%D8%A8%D8%B1%D9%82%DB%8C" "Mozilla/5.0 (iPhone; CPU iPhone OS 10_3_2 like Mac OS X) AppleWebKit/603.2.4 (KHTML, like Gecko) Version/10.0 Mobile/14F89 Safari/602.1" "-"
5.211.97.39 - - [22/Jan/2019:03:59:26 +0330] "HEAD /amp_preconnect_polyfill_404_or_other_error_expected._Do_not_worry_about_it?1548117180000 HTTP/1.1" 404 0 "https://www.zanbil.ir/m/browse/electric-masher/%DA%AF%D9%88%D8%B4%D8%AA-%DA%A9%D9%88%D8%A8-%D8%A8%D8%B1%D9%82%DB%8C" "Mozilla/5.0 (iPhone; CPU iPhone OS 10_3_2 like Mac OS X) AppleWebKit/603.2.4 (KHTML, like Gecko) Version/10.0 Mobile/14F89 Safari/602.1" "-"
63.143.42.246 - - [22/Jan/2019:03:59:26 +0330] "HEAD / HTTP/1.1" 301 0 "http://zanbil.ir" "Mozilla/5.0+(compatible; UptimeRobot/2.0; http://www.uptimerobot.com/)" "-"
157.55.39.175 - - [22/Jan/2019:03:59:26 +0330] "GET /image/6223/productModel/150x150 HTTP/1.1" 200 3313 "-" "Mozilla/5.0 (compatible; bingbot/2.0; +http://www.bing.com/bingbot.htm)" "-"
40.77.195.42 - - [22/Jan/2019:03:59:26 +0330] "GET /image/65183/productModel/150x150 HTTP/1.1" 200 3834 "-" "Mozilla/5.0 (Windows NT 6.1; WOW64) AppleWebKit/534+ (KHTML, like Gecko) BingPreview/1.0b" "-"
95.81.118.56 - - [22/Jan/2019:03:59:26 +0330] "GET /image/64714/productModel/150x150 HTTP/1.1" 200 3251 "https://www.zanbil.ir/filter/b1,p62" "Mozilla/5.0 (Windows NT 6.1; Win64; x64) AppleWebKit/537.36 (KHTML, like Gecko) Chrome/71.0.3578.98 Safari/537.36" "-"
95.81.118.56 - - [22/Jan/2019:03:59:26 +0330] "GET /image/65269/productModel/150x150 HTTP/1.1" 200 3734 "https://www.zanbil.ir/filter/b1,p62" "Mozilla/5.0 (Windows NT 6.1; Win64; x64) AppleWebKit/537.36 (KHTML, like Gecko) Chrome/71.0.3578.98 Safari/537.36" "-"
95.81.118.56 - - [22/Jan/2019:03:59:26 +0330] "GET /image/65124/productModel/150x150 HTTP/1.1" 200 2989 "https://www.zanbil.ir/filter/b1,p62" "Mozilla/5.0 (Windows NT 6.1; Win64; x64) AppleWebKit/537.36 (KHTML, like Gecko) Chrome/71.0.3578.98 Safari/537.36" "-"
40.77.253.31 - - [22/Jan/2019:03:59:26 +0330] "GET /image/63547/productModel/150x150 HTTP/1.1" 200 3794 "-" "Mozilla/5.0 (Windows NT 6.1; WOW64) AppleWebKit/534+ (KHTML, like Gecko) BingPreview/1.0b" "-"
5.211.97.39 - - [22/Jan/2019:03:59:26 +0330] "GET /image/62218/productModel/200x200 HTTP/1.1" 200 3975 "https://www.zanbil.ir/m/browse/electric-masher/%DA%AF%D9%88%D8%B4%D8%AA-%DA%A9%D9%88%D8%A8-%D8%A8%D8%B1%D9%82%DB%8C" "Mozilla/5.0 (iPhone; CPU iPhone OS 10_3_2 like Mac OS X) AppleWebKit/603.2.4 (KHTML, like Gecko) Version/10.0 Mobile/14F89 Safari/602.1" "-"
5.211.97.39 - - [22/Jan/2019:03:59:26 +0330] "GET /image/60671/productModel/200x200 HTTP/1.1" 200 6524 "https://www.zanbil.ir/m/browse/electric-masher/%DA%AF%D9%88%D8%B4%D8%AA-%DA%A9%D9%88%D8%A8-%D8%A8%D8%B1%D9%82%DB%8C" "Mozilla/5.0 (iPhone; CPU iPhone OS 10_3_2 like Mac OS X) AppleWebKit/603.2.4 (KHTML, like Gecko) Version/10.0 Mobile/14F89 Safari/602.1" "-"
5.211.97.39 - - [22/Jan/2019:03:59:26 +0330] "GET /image/62021/productModel/200x200 HTTP/1.1" 200 4343 "https://www.zanbil.ir/m/browse/electric-masher/%DA%AF%D9%88%D8%B4%D8%AA-%DA%A9%D9%88%D8%A8-%D8%A8%D8%B1%D9%82%DB%8C" "Mozilla/5.0 (iPhone; CPU iPhone OS 10_3_2 like Mac OS X) AppleWebKit/603.2.4 (KHTML, like Gecko) Version/10.0 Mobile/14F89 Safari/602.1" "-"
5.211.97.39 - - [22/Jan/2019:03:59:26 +0330] "GET /image/61842/productModel/200x200 HTTP/1.1" 200 6416 "https://www.zanbil.ir/m/browse/electric-masher/%DA%AF%D9%88%D8%B4%D8%AA-%DA%A9%D9%88%D8%A8-%D8%A8%D8%B1%D9%82%DB%8C" "Mozilla/5.0 (iPhone; CPU iPhone OS 10_3_2 like Mac OS X) AppleWebKit/603.2.4 (KHTML, like Gecko) Version/10.0 Mobile/14F89 Safari/602.1" "-"
130.185.74.243 - - [22/Jan/2019:03:59:26 +0330] "GET /filter/stexists,p8391,b195 HTTP/1.1" 200 32207 "-" "Mozilla/5.0 (Windows NT 6.1; rv:42.0) Gecko/20100101 Firefox/42.0" "-"
95.81.118.56 - - [22/Jan/2019:03:59:26 +0330] "GET /image/64719/productModel/150x150 HTTP/1.1" 200 2811 "https://www.zanbil.ir/filter/b1,p62" "Mozilla/5.0 (Windows NT 6.1; Win64; x64) AppleWebKit/537.36 (KHTML, like Gecko) Chrome/71.0.3578.98 Safari/537.36" "-"
5.211.97.39 - - [22/Jan/2019:03:59:26 +0330] "GET /image/290/productTypeType HTTP/1.1" 200 11 "https://www.zanbil.ir/m/browse/electric-masher/%DA%AF%D9%88%D8%B4%D8%AA-%DA%A9%D9%88%D8%A8-%D8%A8%D8%B1%D9%82%DB%8C" "Mozilla/5.0 (iPhone; CPU iPhone OS 10_3_2 like Mac OS X) AppleWebKit/603.2.4 (KHTML, like Gecko) Version/10.0 Mobile/14F89 Safari/602.1" "-"
95.81.118.56 - - [22/Jan/2019:03:59:26 +0330] "GET /image/64723/productModel/150x150 HTTP/1.1" 200 2843 "https://www.zanbil.ir/filter/b1,p62" "Mozilla/5.0 (Windows NT 6.1; Win64; x64) AppleWebKit/537.36 (KHTML, like Gecko) Chrome/71.0.3578.98 Safari/537.36" "-"
5.211.97.39 - - [22/Jan/2019:03:59:27 +0330] "GET /image/63506/productModel/200x200 HTTP/1.1" 200 3828 "https://www.zanbil.ir/m/browse/electric-masher/%DA%AF%D9%88%D8%B4%D8%AA-%DA%A9%D9%88%D8%A8-%D8%A8%D8%B1%D9%82%DB%8C" "Mozilla/5.0 (iPhone; CPU iPhone OS 10_3_2 like Mac OS X) AppleWebKit/603.2.4 (KHTML, like Gecko) Version/10.0 Mobile/14F89 Safari/602.1" "-"
95.81.118.56 - - [22/Jan/2019:03:59:27 +0330] "GET /image/64709/productModel/150x150 HTTP/1.1" 200 3469 "https://www.zanbil.ir/filter/b1,p62" "Mozilla/5.0 (Windows NT 6.1; Win64; x64) AppleWebKit/537.36 (KHTML, like Gecko) Chrome/71.0.3578.98 Safari/537.36" "-"
5.211.97.39 - - [22/Jan/2019:03:59:27 +0330] "GET /image/52270/productModel/200x200 HTTP/1.1" 200 2676 "https://www.zanbil.ir/m/browse/electric-masher/%DA%AF%D9%88%D8%B4%D8%AA-%DA%A9%D9%88%D8%A8-%D8%A8%D8%B1%D9%82%DB%8C" "Mozilla/5.0 (iPhone; CPU iPhone OS 10_3_2 like Mac OS X) AppleWebKit/603.2.4 (KHTML, like Gecko) Version/10.0 Mobile/14F89 Safari/602.1" "-"
95.81.118.56 - - [22/Jan/2019:03:59:27 +0330] "GET /image/64746/productModel/150x150 HTTP/1.1" 200 3075 "https://www.zanbil.ir/filter/b1,p62" "Mozilla/5.0 (Windows NT 6.1; Win64; x64) AppleWebKit/537.36 (KHTML, like Gecko) Chrome/71.0.3578.98 Safari/537.36" "-"
5.211.97.39 - - [22/Jan/2019:03:59:27 +0330] "GET /image/658/mainSlideMobile HTTP/1.1" 200 77959 "https://www.zanbil.ir/m/browse/electric-masher/%DA%AF%D9%88%D8%B4%D8%AA-%DA%A9%D9%88%D8%A8-%D8%A8%D8%B1%D9%82%DB%8C" "Mozilla/5.0 (iPhone; CPU iPhone OS 10_3_2 like Mac OS X) AppleWebKit/603.2.4 (KHTML, like Gecko) Version/10.0 Mobile/14F89 Safari/602.1" "-"
95.81.118.56 - - [22/Jan/2019:03:59:27 +0330] "GET /image/65271/productModel/150x150 HTTP/1.1" 200 3181 "https://www.zanbil.ir/filter/b1,p62" "Mozilla/5.0 (Windows NT 6.1; Win64; x64) AppleWebKit/537.36 (KHTML, like Gecko) Chrome/71.0.3578.98 Safari/537.36" "-"
157.55.39.245 - - [22/Jan/2019:03:59:27 +0330] "GET /image/get?path=/Image/Home%20Appliances/washing-machine/Specification/4.jpg HTTP/1.1" 200 38981 "-" "Mozilla/5.0 (compatible; bingbot/2.0; +http://www.bing.com/bingbot.htm)" "-"
95.81.118.56 - - [22/Jan/2019:03:59:27 +0330] "GET /image/64756/productModel/150x150 HTTP/1.1" 200 3599 "https://www.zanbil.ir/filter/b1,p62" "Mozilla/5.0 (Windows NT 6.1; Win64; x64) AppleWebKit/537.36 (KHTML, like Gecko) Chrome/71.0.3578.98 Safari/537.36" "-"
95.81.118.56 - - [22/Jan/2019:03:59:27 +0330] "GET /image/65274/productModel/150x150 HTTP/1.1" 200 2898 "https://www.zanbil.ir/filter/b1,p62" "Mozilla/5.0 (Windows NT 6.1; Win64; x64) AppleWebKit/537.36 (KHTML, like Gecko) Chrome/71.0.3578.98 Safari/537.36" "-"
95.81.118.56 - - [22/Jan/2019:03:59:27 +0330] "GET /image/64784/productModel/150x150 HTTP/1.1" 200 3642 "https://www.zanbil.ir/filter/b1,p62" "Mozilla/5.0 (Windows NT 6.1; Win64; x64) AppleWebKit/537.36 (KHTML, like Gecko) Chrome/71.0.3578.98 Safari/537.36" "-"
95.81.118.56 - - [22/Jan/2019:03:59:27 +0330] "GET /static/images/coming-soon.png HTTP/1.1" 200 2356 "https://www.zanbil.ir/filter/b1,p62" "Mozilla/5.0 (Windows NT 6.1; Win64; x64) AppleWebKit/537.36 (KHTML, like Gecko) Chrome/71.0.3578.98 Safari/537.36" "-"
95.81.118.56 - - [22/Jan/2019:03:59:27 +0330] "GET /image/62700/productModel/150x150 HTTP/1.1" 200 3282 "https://www.zanbil.ir/filter/b1,p62" "Mozilla/5.0 (Windows NT 6.1; Win64; x64) AppleWebKit/537.36 (KHTML, like Gecko) Chrome/71.0.3578.98 Safari/537.36" "-"
95.81.118.56 - - [22/Jan/2019:03:59:27 +0330] "GET /image/60884/productModel/150x150 HTTP/1.1" 200 4338 "https://www.zanbil.ir/filter/b1,p62" "Mozilla/5.0 (Windows NT 6.1; Win64; x64) AppleWebKit/537.36 (KHTML, like Gecko) Chrome/71.0.3578.98 Safari/537.36" "-"
95.81.118.56 - - [22/Jan/2019:03:59:27 +0330] "GET /image/55109/productModel/150x150 HTTP/1.1" 200 2917 "https://www.zanbil.ir/filter/b1,p62" "Mozilla/5.0 (Windows NT 6.1; Win64; x64) AppleWebKit/537.36 (KHTML, like Gecko) Chrome/71.0.3578.98 Safari/537.36" "-"
95.81.118.56 - - [22/Jan/2019:03:59:27 +0330] "GET /image/62605/productModel/150x150 HTTP/1.1" 200 2859 "https://www.zanbil.ir/filter/b1,p62" "Mozilla/5.0 (Windows NT 6.1; Win64; x64) AppleWebKit/537.36 (KHTML, like Gecko) Chrome/71.0.3578.98 Safari/537.36" "-"
95.81.118.56 - - [22/Jan/2019:03:59:27 +0330] "GET /image/60876/productModel/150x150 HTTP/1.1" 200 3829 "https://www.zanbil.ir/filter/b1,p62" "Mozilla/5.0 (Windows NT 6.1; Win64; x64) AppleWebKit/537.36 (KHTML, like Gecko) Chrome/71.0.3578.98 Safari/537.36" "-"
95.81.118.56 - - [22/Jan/2019:03:59:27 +0330] "GET /image/62828/productModel/150x150 HTTP/1.1" 200 2515 "https://www.zanbil.ir/filter/b1,p62" "Mozilla/5.0 (Windows NT 6.1; Win64; x64) AppleWebKit/537.36 (KHTML, like Gecko) Chrome/71.0.3578.98 Safari/537.36" "-"
5.211.97.39 - - [22/Jan/2019:03:59:27 +0330] "GET /image/63507/productModel/200x200 HTTP/1.1" 200 2987 "https://www.zanbil.ir/m/browse/electric-masher/%DA%AF%D9%88%D8%B4%D8%AA-%DA%A9%D9%88%D8%A8-%D8%A8%D8%B1%D9%82%DB%8C" "Mozilla/5.0 (iPhone; CPU iPhone OS 10_3_2 like Mac OS X) AppleWebKit/603.2.4 (KHTML, like Gecko) Version/10.0 Mobile/14F89 Safari/602.1" "-"
5.211.97.39 - - [22/Jan/2019:03:59:27 +0330] "GET /image/64096/productModel/200x200 HTTP/1.1" 200 3123 "https://www.zanbil.ir/m/browse/electric-masher/%DA%AF%D9%88%D8%B4%D8%AA-%DA%A9%D9%88%D8%A8-%D8%A8%D8%B1%D9%82%DB%8C" "Mozilla/5.0 (iPhone; CPU iPhone OS 10_3_2 like Mac OS X) AppleWebKit/603.2.4 (KHTML, like Gecko) Version/10.0 Mobile/14F89 Safari/602.1" "-"
95.81.118.56 - - [22/Jan/2019:03:59:27 +0330] "GET /image/60867/productModel/150x150 HTTP/1.1" 200 3962 "https://www.zanbil.ir/filter/b1,p62" "Mozilla/5.0 (Windows NT 6.1; Win64; x64) AppleWebKit/537.36 (KHTML, like Gecko) Chrome/71.0.3578.98 Safari/537.36" "-"
66.249.66.91 - - [22/Jan/2019:03:59:27 +0330] "GET /filter/stexists%2Cb238%2Cb543%2Cb3%2Cb20%2Cb601%2Cb890%2Cb570%2Cb741%2Cp51%2Cb904 HTTP/1.1" 200 35624 "-" "Mozilla/5.0 (compatible; Googlebot/2.1; +http://www.google.com/bot.html)" "-"
37.202.154.8 - - [22/Jan/2019:03:59:27 +0330] "GET /image/32739?name=pt-vx610-22.jpg&wh=200x200 HTTP/1.1" 200 2953 "-" "Dalvik/2.1.0 (Linux; U; Android 6.0; HUAWEI NMO-L31 Build/HUAWEINMO-L31)" "-"
91.99.72.15 - - [22/Jan/2019:03:59:27 +0330] "GET /product/29069?model=58275 HTTP/1.1" 200 42676 "-" "Mozilla/5.0 (Macintosh; Intel Mac OS X 10_7_3) AppleWebKit/534.55.3 (KHTML, like Gecko) Version/5.1.3 Safari/534.53.10" "-"
91.99.72.15 - - [22/Jan/2019:03:59:27 +0330] "GET /product/29069?model=58275 HTTP/1.1" 200 42673 "-" "Mozilla/5.0 (Windows NT 6.2; Win64; x64; rv:16.0)Gecko/16.0 Firefox/16.0" "-"
95.81.118.56 - - [22/Jan/2019:03:59:27 +0330] "GET /image/65144/productModel/100x100 HTTP/1.1" 200 2138 "https://www.zanbil.ir/filter/b1,p62" "Mozilla/5.0 (Windows NT 6.1; Win64; x64) AppleWebKit/537.36 (KHTML, like Gecko) Chrome/71.0.3578.98 Safari/537.36" "-"
95.81.118.56 - - [22/Jan/2019:03:59:27 +0330] "GET /image/60880/productModel/150x150 HTTP/1.1" 200 2563 "https://www.zanbil.ir/filter/b1,p62" "Mozilla/5.0 (Windows NT 6.1; Win64; x64) AppleWebKit/537.36 (KHTML, like Gecko) Chrome/71.0.3578.98 Safari/537.36" "-"
95.81.118.56 - - [22/Jan/2019:03:59:27 +0330] "GET /image/65124/productModel/100x100 HTTP/1.1" 200 1980 "https://www.zanbil.ir/filter/b1,p62" "Mozilla/5.0 (Windows NT 6.1; Win64; x64) AppleWebKit/537.36 (KHTML, like Gecko) Chrome/71.0.3578.98 Safari/537.36" "-"
95.81.118.56 - - [22/Jan/2019:03:59:27 +0330] "GET /image/64723/productModel/100x100 HTTP/1.1" 200 1894 "https://www.zanbil.ir/filter/b1,p62" "Mozilla/5.0 (Windows NT 6.1; Win64; x64) AppleWebKit/537.36 (KHTML, like Gecko) Chrome/71.0.3578.98 Safari/537.36" "-"
95.81.118.56 - - [22/Jan/2019:03:59:27 +0330] "GET /image/64998/productModel/100x100 HTTP/1.1" 200 2869 "https://www.zanbil.ir/filter/b1,p62" "Mozilla/5.0 (Windows NT 6.1; Win64; x64) AppleWebKit/537.36 (KHTML, like Gecko) Chrome/71.0.3578.98 Safari/537.36" "-"
95.81.118.56 - - [22/Jan/2019:03:59:27 +0330] "GET /image/64995/productModel/100x100 HTTP/1.1" 200 2869 "https://www.zanbil.ir/filter/b1,p62" "Mozilla/5.0 (Windows NT 6.1; Win64; x64) AppleWebKit/537.36 (KHTML, like Gecko) Chrome/71.0.3578.98 Safari/537.36" "-"
51.15.15.54 - - [22/Jan/2019:03:59:27 +0330] "GET /blog/home-appliances/food-preparation/blender/ HTTP/1.1" 200 20588 "-" "Barkrowler/0.9 (+http://www.exensa.com/crawl)" "-"
95.81.118.56 - - [22/Jan/2019:03:59:27 +0330] "GET /image/65004/productModel/100x100 HTTP/1.1" 200 2924 "https://www.zanbil.ir/filter/b1,p62" "Mozilla/5.0 (Windows NT 6.1; Win64; x64) AppleWebKit/537.36 (KHTML, like Gecko) Chrome/71.0.3578.98 Safari/537.36" "-"
63.143.42.246 - - [22/Jan/2019:03:59:28 +0330] "HEAD / HTTP/1.1" 200 0 "http://zanbil.ir" "Mozilla/5.0+(compatible; UptimeRobot/2.0; http://www.uptimerobot.com/)" "-"
95.81.118.56 - - [22/Jan/2019:03:59:28 +0330] "GET /image/65007/productModel/100x100 HTTP/1.1" 200 3021 "https://www.zanbil.ir/filter/b1,p62" "Mozilla/5.0 (Windows NT 6.1; Win64; x64) AppleWebKit/537.36 (KHTML, like Gecko) Chrome/71.0.3578.98 Safari/537.36" "-"
207.46.13.104 - - [22/Jan/2019:03:59:28 +0330] "GET /product/17214?model=604 HTTP/1.1" 200 40476 "-" "Mozilla/5.0 (compatible; bingbot/2.0; +http://www.bing.com/bingbot.htm)" "-"
95.81.118.56 - - [22/Jan/2019:03:59:28 +0330] "GET /image/65019/productModel/100x100 HTTP/1.1" 200 2850 "https://www.zanbil.ir/filter/b1,p62" "Mozilla/5.0 (Windows NT 6.1; Win64; x64) AppleWebKit/537.36 (KHTML, like Gecko) Chrome/71.0.3578.98 Safari/537.36" "-"
95.81.118.56 - - [22/Jan/2019:03:59:28 +0330] "GET /image/65134/productModel/100x100 HTTP/1.1" 200 2446 "https://www.zanbil.ir/filter/b1,p62" "Mozilla/5.0 (Windows NT 6.1; Win64; x64) AppleWebKit/537.36 (KHTML, like Gecko) Chrome/71.0.3578.98 Safari/537.36" "-"
95.81.118.56 - - [22/Jan/2019:03:59:28 +0330] "GET /image/64714/productModel/100x100 HTTP/1.1" 200 2088 "https://www.zanbil.ir/filter/b1,p62" "Mozilla/5.0 (Windows NT 6.1; Win64; x64) AppleWebKit/537.36 (KHTML, like Gecko) Chrome/71.0.3578.98 Safari/537.36" "-"
95.81.118.56 - - [22/Jan/2019:03:59:28 +0330] "GET /image/64721/productModel/100x100 HTTP/1.1" 200 2018 "https://www.zanbil.ir/filter/b1,p62" "Mozilla/5.0 (Windows NT 6.1; Win64; x64) AppleWebKit/537.36 (KHTML, like Gecko) Chrome/71.0.3578.98 Safari/537.36" "-"
