130.185.74.243 - - [22/Jan/2019:04:00:53 +0330] "GET /filter/stexists,p12129 HTTP/1.1" 200 34906 "-" "Mozilla/5.0 (Windows NT 6.1; rv:42.0) Gecko/20100101 Firefox/42.0" "-"
66.249.66.194 - - [22/Jan/2019:04:00:53 +0330] "GET /m/event/Samsung-LG-Offer HTTP/1.1" 404 33590 "-" "Mozilla/5.0 (Linux; Android 6.0.1; Nexus 5X Build/MMB29P) AppleWebKit/537.36 (KHTML, like Gecko) Chrome/41.0.2272.96 Mobile Safari/537.36 (compatible; Googlebot/2.1; +http://www.google.com/bot.html)" "-"
207.46.13.104 - - [22/Jan/2019:04:00:53 +0330] "GET /image/22288?name=product_44_1402752229_38536.jpg&wh=max HTTP/1.1" 200 110007 "-" "Mozilla/5.0 (compatible; bingbot/2.0; +http://www.bing.com/bingbot.htm)" "-"
66.111.54.249 - - [22/Jan/2019:04:00:53 +0330] "GET /settings/logo HTTP/1.1" 200 4120 "https://www.zanbil.ir/m/filter/p3?page=4" "Mozilla/5.0 (Linux; Android 5.0; SM-G900H Build/LRX21T) AppleWebKit/537.36 (KHTML, like Gecko) Chrome/39.0.2171.93 Mobile Safari/537.36" "-"
66.111.54.249 - - [22/Jan/2019:04:00:54 +0330] "GET /discountLabel/get/3?type=mobileSmallIcon HTTP/1.1" 200 4336 "https://www.zanbil.ir/m/filter/p3?page=4" "Mozilla/5.0 (Linux; Android 5.0; SM-G900H Build/LRX21T) AppleWebKit/537.36 (KHTML, like Gecko) Chrome/39.0.2171.93 Mobile Safari/537.36" "-"
66.249.66.91 - - [22/Jan/2019:04:00:54 +0330] "GET /filter/b874%2Cb32%2Cb63%2Cb99%2Cb126%2Cb820%2Cb249%2Cb3%2Cb148%2Cb724%2Cb613%2Cb183%2Cb213%2Cb484%2Cb224%2Cb734%2Cb20%2Cb95%2Cb542%2Cb212%2Cb485%2Cb523%2Cb118%2Cb186%2Cb67?page=0 HTTP/1.1" 200 39431 "-" "Mozilla/5.0 (compatible; Googlebot/2.1; +http://www.google.com/bot.html)" "-"
63.143.42.246 - - [22/Jan/2019:04:00:54 +0330] "HEAD / HTTP/1.1" 301 0 "http://www.zanbil.ir" "Mozilla/5.0+(compatible; UptimeRobot/2.0; http://www.uptimerobot.com/)" "-"
130.185.74.243 - - [22/Jan/2019:04:00:54 +0330] "GET /product/12211/19787/%D9%85%D8%AC%D9%85%D9%88%D8%B9%D9%87-%D8%AA%D8%B5%D8%A7%D9%88%DB%8C%D8%B1-%D8%A7%DB%8C%D8%B1%D8%A7%D9%86-%D8%A7%D9%86%D8%AA%D8%B4%D8%A7%D8%B1%D8%A7%D8%AA-%DA%AF%D9%88%DB%8C%D8%A7-%D9%85%D8%AF%D9%84-%D8%B4%DA%A9%DB%8C%D8%A8%D8%A7-%D8%A8%D9%87-%DA%A9%D9%88%D8%B1%D9%88%D8%B4- HTTP/1.1" 200 41670 "-" "Mozilla/5.0 (Windows NT 6.1; rv:42.0) Gecko/20100101 Firefox/42.0" "-"
5.123.174.57 - - [22/Jan/2019:04:00:54 +0330] "GET /image/34004?name=ms93wcr.jpg&wh=200x200 HTTP/1.1" 200 5208 "-" "Dalvik/2.1.0 (Linux; U; Android 8.1.0; SM-J710F Build/M1AJQ)" "-"
66.111.54.249 - - [22/Jan/2019:04:00:55 +0330] "GET /image/33579/productModel/200x200 HTTP/1.1" 200 2450 "https://www.zanbil.ir/m/filter/p3?page=4" "Mozilla/5.0 (Linux; Android 5.0; SM-G900H Build/LRX21T) AppleWebKit/537.36 (KHTML, like Gecko) Chrome/39.0.2171.93 Mobile Safari/537.36" "-"
207.46.13.136 - - [22/Jan/2019:04:00:55 +0330] "GET /product/32531/62918/%DB%8C%D8%AE%DA%86%D8%A7%D9%84-%D9%81%D8%B1%DB%8C%D8%B2%D8%B1-%D8%AF%D9%88%D9%82%D9%84%D9%88-%D8%A8%DA%A9%D9%88-%D9%85%D8%AF%D9%84-RSNE415E23DW-RFNE320E23W HTTP/1.1" 200 43772 "-" "Mozilla/5.0 (compatible; bingbot/2.0; +http://www.bing.com/bingbot.htm)" "-"
66.111.54.249 - - [22/Jan/2019:04:00:55 +0330] "GET /image/63098/productModel/200x200 HTTP/1.1" 200 3216 "https://www.zanbil.ir/m/filter/p3?page=4" "Mozilla/5.0 (Linux; Android 5.0; SM-G900H Build/LRX21T) AppleWebKit/537.36 (KHTML, like Gecko) Chrome/39.0.2171.93 Mobile Safari/537.36" "-"
66.111.54.249 - - [22/Jan/2019:04:00:55 +0330] "GET /image/62918/productModel/200x200 HTTP/1.1" 200 2736 "https://www.zanbil.ir/m/filter/p3?page=4" "Mozilla/5.0 (Linux; Android 5.0; SM-G900H Build/LRX21T) AppleWebKit/537.36 (KHTML, like Gecko) Chrome/39.0.2171.93 Mobile Safari/537.36" "-"
66.111.54.249 - - [22/Jan/2019:04:00:55 +0330] "GET /image/65055/productModel/200x200 HTTP/1.1" 200 3519 "https://www.zanbil.ir/m/filter/p3?page=4" "Mozilla/5.0 (Linux; Android 5.0; SM-G900H Build/LRX21T) AppleWebKit/537.36 (KHTML, like Gecko) Chrome/39.0.2171.93 Mobile Safari/537.36" "-"
5.127.189.90 - - [22/Jan/2019:04:00:55 +0330] "GET /image/11947?name=11947-1-fw.jpg&wh=200x200 HTTP/1.1" 200 4167 "-" "Dalvik/2.1.0 (Linux; U; Android 7.0; SM-A510F Build/NRD90M)" "-"
63.143.42.246 - - [22/Jan/2019:04:00:55 +0330] "HEAD / HTTP/1.1" 200 0 "http://www.zanbil.ir" "Mozilla/5.0+(compatible; UptimeRobot/2.0; http://www.uptimerobot.com/)" "-"
130.185.74.243 - - [22/Jan/2019:04:00:55 +0330] "GET /product/22401/47615/%D8%B4%D9%85%D8%B3-%D8%AA%D8%A8%D8%B1%DB%8C%D8%B2%DB%8C-%D8%A7%D9%86%D8%AA%D8%B4%D8%A7%D8%B1%D8%A7%D8%AA-%D9%87%D9%84%DB%8C%D8%A7-%D9%85%D8%AF%D9%84-%D8%B1%D8%A8%D8%A7%D8%B9%D9%8A%D8%A7%D8%AA-%D9%88%D8%B2%D9%8A%D8%B1%D9%8A-%D9%82%D8%A7%D8%A8%D8%AF%D8%A7%D8%B1-%DA%86%D8%B1%D9%85 HTTP/1.1" 200 42007 "-" "Mozilla/5.0 (Windows NT 6.1; rv:42.0) Gecko/20100101 Firefox/42.0" "-"
54.36.149.2 - - [22/Jan/2019:04:00:56 +0330] "GET /filter/p19,v1|%D8%A7%D8%B3%D8%AA%DB%8C%D9%84,v1|%D8%B3%D9%81%DB%8C%D8%AF%20%D8%A2%D8%A8%DB%8C HTTP/1.1" 200 32706 "-" "Mozilla/5.0 (compatible; AhrefsBot/6.1; +http://ahrefs.com/robot/)" "-"
5.217.191.165 - - [22/Jan/2019:04:00:56 +0330] "GET /image/11926?name=sm812aaa.jpg&wh=200x200 HTTP/1.1" 200 4377 "-" "Dalvik/2.1.0 (Linux; U; Android 6.0; LG-K430 Build/MRA58K)" "-"
130.185.74.243 - - [22/Jan/2019:04:00:56 +0330] "GET /product/12174/19703/%D8%B4%D8%A7%D9%87%D9%86%D8%A7%D9%85%D9%87-%D9%81%D8%B1%D8%AF%D9%88%D8%B3%DB%8C-%D8%A7%D9%86%D8%AA%D8%B4%D8%A7%D8%B1%D8%A7%D8%AA-%DA%AF%D9%88%DB%8C%D8%A7-%D9%85%D8%AF%D9%84-%D8%B3%D9%84%D8%B7%D8%A7%D9%86%DB%8C-%D8%A7%D8%B3%D8%AA%D8%A7%D8%AF-%D8%B4%DA%A9%DB%8C%D8%A8%D8%A7 HTTP/1.1" 200 41733 "-" "Mozilla/5.0 (Windows NT 6.1; rv:42.0) Gecko/20100101 Firefox/42.0" "-"
130.185.74.243 - - [22/Jan/2019:04:00:57 +0330] "GET /filter/stexists,p12129?page=1 HTTP/1.1" 200 34750 "-" "Mozilla/5.0 (Windows NT 6.1; rv:42.0) Gecko/20100101 Firefox/42.0" "-"
130.185.74.243 - - [22/Jan/2019:04:00:58 +0330] "GET /product/12211/19787/%D9%85%D8%AC%D9%85%D9%88%D8%B9%D9%87-%D8%AA%D8%B5%D8%A7%D9%88%DB%8C%D8%B1-%D8%A7%DB%8C%D8%B1%D8%A7%D9%86-%D8%A7%D9%86%D8%AA%D8%B4%D8%A7%D8%B1%D8%A7%D8%AA-%DA%AF%D9%88%DB%8C%D8%A7-%D9%85%D8%AF%D9%84-%D8%B4%DA%A9%DB%8C%D8%A8%D8%A7-%D8%A8%D9%87-%DA%A9%D9%88%D8%B1%D9%88%D8%B4- HTTP/1.1" 200 41606 "-" "Mozilla/5.0 (Windows NT 6.1; rv:42.0) Gecko/20100101 Firefox/42.0" "-"
66.249.66.194 - - [22/Jan/2019:04:00:58 +0330] "GET /product/25834/64150 HTTP/1.1" 404 33637 "-" "Mozilla/5.0 (compatible; Googlebot/2.1; +http://www.google.com/bot.html)" "-"
54.36.149.97 - - [22/Jan/2019:04:00:59 +0330] "GET /product/29914/%D8%B3%D8%AA-4-%D9%86%D9%81%D8%B1%D9%87-%D9%85%D8%A8%D9%84%D9%85%D8%A7%D9%86-%D8%A7%D8%AF%D8%A7%D8%B1%DB%8C-%D8%B3%DB%8C%D9%84%D8%A7-%D9%85%D8%AF%D9%84-Silla-Office-Furniture-F16P HTTP/1.1" 200 42803 "-" "Mozilla/5.0 (compatible; AhrefsBot/6.1; +http://ahrefs.com/robot/)" "-"
130.185.74.243 - - [22/Jan/2019:04:00:59 +0330] "GET /product/22279/47433/%D9%82%D8%B1%D8%A2%D9%86-%D8%A7%D9%86%D8%AA%D8%B4%D8%A7%D8%B1%D8%A7%D8%AA-%D9%87%D9%84%DB%8C%D8%A7-%D9%85%D8%AF%D9%84-%D8%B9%D8%B7%D8%B1%D9%8A-%D8%AC%D8%B9%D8%A8%D9%87-%D8%AF%D8%A7%D8%B1-%D8%B3%D9%81%D9%8A%D8%AF HTTP/1.1" 200 43012 "-" "Mozilla/5.0 (Windows NT 6.1; rv:42.0) Gecko/20100101 Firefox/42.0" "-"
5.115.54.117 - - [22/Jan/2019:04:01:00 +0330] "GET /m/filter/p4?page=1 HTTP/1.1" 200 19431 "https://www.zanbil.ir/m/browse/stove-and-oven/%D8%A7%D8%AC%D8%A7%D9%82-%DA%AF%D8%A7%D8%B2-%D9%85%D8%A8%D9%84%D9%87" "Mozilla/5.0 (Android 8.0.0; Mobile; rv:62.0) Gecko/62.0 Firefox/62.0" "-"
130.185.74.243 - - [22/Jan/2019:04:01:00 +0330] "GET /image/47433/productModel/150x150 HTTP/1.1" 200 5613 "-" "Mozilla/5.0 (Windows NT 6.1; rv:42.0) Gecko/20100101 Firefox/42.0" "-"
207.46.13.136 - - [22/Jan/2019:04:01:00 +0330] "GET /filter/b1,b103,b105,b109,b111,b113,b135,b144,b176,b186,b221,b261,b291,b441,b454,b52,b584,b598,b656,b723,b77,b83 HTTP/1.1" 200 39285 "-" "Mozilla/5.0 (compatible; bingbot/2.0; +http://www.bing.com/bingbot.htm)" "-"
66.249.66.194 - - [22/Jan/2019:04:01:00 +0330] "GET /m/filter/b42,p6 HTTP/1.1" 200 19506 "-" "Mozilla/5.0 (Linux; Android 6.0.1; Nexus 5X Build/MMB29P) AppleWebKit/537.36 (KHTML, like Gecko) Chrome/41.0.2272.96 Mobile Safari/537.36 (compatible; Googlebot/2.1; +http://www.google.com/bot.html)" "-"
66.111.54.249 - - [22/Jan/2019:04:01:00 +0330] "GET /image/47986/productModel/200x200 HTTP/1.1" 200 2413 "https://www.zanbil.ir/m/filter/p3?page=4" "Mozilla/5.0 (Linux; Android 5.0; SM-G900H Build/LRX21T) AppleWebKit/537.36 (KHTML, like Gecko) Chrome/39.0.2171.93 Mobile Safari/537.36" "-"
66.111.54.249 - - [22/Jan/2019:04:01:01 +0330] "GET /image/64528/productModel/200x200 HTTP/1.1" 200 3074 "https://www.zanbil.ir/m/filter/p3?page=4" "Mozilla/5.0 (Linux; Android 5.0; SM-G900H Build/LRX21T) AppleWebKit/537.36 (KHTML, like Gecko) Chrome/39.0.2171.93 Mobile Safari/537.36" "-"
5.115.54.117 - - [22/Jan/2019:04:01:01 +0330] "GET /discountLabel/get/3?type=mobileSmallIcon HTTP/1.1" 200 4336 "https://www.zanbil.ir/m/filter/p4?page=1" "Mozilla/5.0 (Android 8.0.0; Mobile; rv:62.0) Gecko/62.0 Firefox/62.0" "-"
5.115.54.117 - - [22/Jan/2019:04:01:01 +0330] "GET /settings/logo HTTP/1.1" 200 4120 "https://www.zanbil.ir/m/filter/p4?page=1" "Mozilla/5.0 (Android 8.0.0; Mobile; rv:62.0) Gecko/62.0 Firefox/62.0" "-"
5.115.54.117 - - [22/Jan/2019:04:01:01 +0330] "GET /image/64859/productModel/200x200 HTTP/1.1" 200 7384 "https://www.zanbil.ir/m/filter/p4?page=1" "Mozilla/5.0 (Android 8.0.0; Mobile; rv:62.0) Gecko/62.0 Firefox/62.0" "-"
5.115.54.117 - - [22/Jan/2019:04:01:01 +0330] "GET /image/31327/productModel/200x200 HTTP/1.1" 200 6131 "https://www.zanbil.ir/m/filter/p4?page=1" "Mozilla/5.0 (Android 8.0.0; Mobile; rv:62.0) Gecko/62.0 Firefox/62.0" "-"
5.115.54.117 - - [22/Jan/2019:04:01:01 +0330] "GET /image/58753/productModel/200x200 HTTP/1.1" 200 7541 "https://www.zanbil.ir/m/filter/p4?page=1" "Mozilla/5.0 (Android 8.0.0; Mobile; rv:62.0) Gecko/62.0 Firefox/62.0" "-"
5.115.54.117 - - [22/Jan/2019:04:01:01 +0330] "GET /image/50166/productModel/200x200 HTTP/1.1" 200 7753 "https://www.zanbil.ir/m/filter/p4?page=1" "Mozilla/5.0 (Android 8.0.0; Mobile; rv:62.0) Gecko/62.0 Firefox/62.0" "-"
5.115.54.117 - - [22/Jan/2019:04:01:01 +0330] "GET /image/9993/productModel/200x200 HTTP/1.1" 200 6860 "https://www.zanbil.ir/m/filter/p4?page=1" "Mozilla/5.0 (Android 8.0.0; Mobile; rv:62.0) Gecko/62.0 Firefox/62.0" "-"
5.115.54.117 - - [22/Jan/2019:04:01:01 +0330] "GET /image/27078/productModel/200x200 HTTP/1.1" 200 6380 "https://www.zanbil.ir/m/filter/p4?page=1" "Mozilla/5.0 (Android 8.0.0; Mobile; rv:62.0) Gecko/62.0 Firefox/62.0" "-"
5.115.54.117 - - [22/Jan/2019:04:01:02 +0330] "GET /image/61180/productModel/200x200 HTTP/1.1" 200 4928 "https://www.zanbil.ir/m/filter/p4?page=1" "Mozilla/5.0 (Android 8.0.0; Mobile; rv:62.0) Gecko/62.0 Firefox/62.0" "-"
5.115.54.117 - - [22/Jan/2019:04:01:02 +0330] "GET /image/61186/productModel/200x200 HTTP/1.1" 200 4417 "https://www.zanbil.ir/m/filter/p4?page=1" "Mozilla/5.0 (Android 8.0.0; Mobile; rv:62.0) Gecko/62.0 Firefox/62.0" "-"
130.185.74.243 - - [22/Jan/2019:04:01:02 +0330] "GET /filter/stexists,p12129?page=2 HTTP/1.1" 200 34788 "-" "Mozilla/5.0 (Windows NT 6.1; rv:42.0) Gecko/20100101 Firefox/42.0" "-"
207.46.13.136 - - [22/Jan/2019:04:01:02 +0330] "GET /product/23369/49116/%DA%AF%D8%B1%D8%AF%D9%86%D8%A8%D9%86%D8%AF-%D8%B2%D9%86%D8%A7%D9%86%D9%87-%D8%A7%D9%84%DB%8C%D9%88%D8%B1-%D9%88%D8%A8%D8%B1-%D9%85%D8%AF%D9%84-%D8%B3%D8%B1%D8%B9%D8%AA-%D9%BE%D8%B1%D9%88%D8%A7%D8%B2-Pace-rhod-Crystal HTTP/1.1" 200 41957 "-" "Mozilla/5.0 (compatible; bingbot/2.0; +http://www.bing.com/bingbot.htm)" "-"
54.36.148.248 - - [22/Jan/2019:04:01:02 +0330] "GET /filter/p64%2Cb43%2Cv1%7C%D8%B3%D9%81%DB%8C%D8%AF. HTTP/1.1" 200 31510 "-" "Mozilla/5.0 (compatible; AhrefsBot/6.1; +http://ahrefs.com/robot/)" "-"
5.127.189.90 - - [22/Jan/2019:04:01:02 +0330] "GET /image/11926?name=sm812aaa.jpg&wh=200x200 HTTP/1.1" 200 4377 "-" "Dalvik/2.1.0 (Linux; U; Android 7.0; SM-A510F Build/NRD90M)" "-"
5.115.54.117 - - [22/Jan/2019:04:01:02 +0330] "GET /favicon.ico HTTP/1.1" 200 0 "-" "Mozilla/5.0 (Android 8.0.0; Mobile; rv:62.0.3) Gecko/62.0.3 Firefox/62.0.3" "-"
130.185.74.243 - - [22/Jan/2019:04:01:03 +0330] "GET /product/22251/47356/%D8%AF%DB%8C%D9%88%D8%A7%D9%86-%D8%AD%D8%A7%D9%81%D8%B8-%D8%A7%D9%86%D8%AA%D8%B4%D8%A7%D8%B1%D8%A7%D8%AA-%D9%BE%D8%A7%D8%B1%D9%85%DB%8C%D8%B3-%D9%85%D8%AF%D9%84-%D9%88%D8%B2%DB%8C%D8%B1%DB%8C-%D8%AA%D8%B1%D8%AC%D9%85%D9%87-%D9%85%D9%87%D8%AF%DB%8C-%D8%A7%D9%81%D8%B4%D8%A7%D8%B1 HTTP/1.1" 200 42799 "-" "Mozilla/5.0 (Windows NT 6.1; rv:42.0) Gecko/20100101 Firefox/42.0" "-"
5.115.54.117 - - [22/Jan/2019:04:01:03 +0330] "GET /image/61184/productModel/200x200 HTTP/1.1" 200 5716 "https://www.zanbil.ir/m/filter/p4?page=1" "Mozilla/5.0 (Android 8.0.0; Mobile; rv:62.0) Gecko/62.0 Firefox/62.0" "-"
5.115.54.117 - - [22/Jan/2019:04:01:03 +0330] "GET /image/57810/productModel/200x200 HTTP/1.1" 200 4814 "https://www.zanbil.ir/m/filter/p4?page=1" "Mozilla/5.0 (Android 8.0.0; Mobile; rv:62.0) Gecko/62.0 Firefox/62.0" "-"
5.115.54.117 - - [22/Jan/2019:04:01:03 +0330] "GET /image/64434/productModel/200x200 HTTP/1.1" 200 5690 "https://www.zanbil.ir/m/filter/p4?page=1" "Mozilla/5.0 (Android 8.0.0; Mobile; rv:62.0) Gecko/62.0 Firefox/62.0" "-"
5.115.54.117 - - [22/Jan/2019:04:01:03 +0330] "GET /image/63656/productModel/200x200 HTTP/1.1" 200 4866 "https://www.zanbil.ir/m/filter/p4?page=1" "Mozilla/5.0 (Android 8.0.0; Mobile; rv:62.0) Gecko/62.0 Firefox/62.0" "-"
130.185.74.243 - - [22/Jan/2019:04:01:03 +0330] "GET /product/12404/20297/%D9%85%D8%AC%D9%85%D9%88%D8%B9%D9%87-%D8%AA%D8%B5%D8%A7%D9%88%DB%8C%D8%B1-%D8%A7%DB%8C%D8%B1%D8%A7%D9%86-%D8%A7%D9%86%D8%AA%D8%B4%D8%A7%D8%B1%D8%A7%D8%AA-%DA%AF%D9%88%DB%8C%D8%A7-%D9%85%D8%AF%D9%84-%D8%B4%DA%A9%D9%88%D9%87-%D9%BE%D8%A7%D8%B3%D8%A7%D8%B1%DA%AF%D8%A7%D8%AF HTTP/1.1" 200 42469 "-" "Mozilla/5.0 (Windows NT 6.1; rv:42.0) Gecko/20100101 Firefox/42.0" "-"
66.249.66.194 - - [22/Jan/2019:04:01:04 +0330] "GET /browse/hairdressing-equipment/%D8%AA%D8%AC%D9%87%DB%8C%D8%B2%D8%A7%D8%AA-%D8%A2%D8%B1%D8%A7%DB%8C%D8%B4%DA%AF%D8%A7%D9%87%DB%8C HTTP/1.1" 200 31250 "-" "Mozilla/5.0 (compatible; Googlebot/2.1; +http://www.google.com/bot.html)" "-"
54.36.148.114 - - [22/Jan/2019:04:01:04 +0330] "GET /filter/b8%2Cp65%2Crf50000000%2Crt60000000%2Cstexists%2C6316%7CFull%20HD?o=6316 HTTP/1.1" 302 0 "-" "Mozilla/5.0 (compatible; AhrefsBot/6.1; +http://ahrefs.com/robot/)" "-"
207.46.13.104 - - [22/Jan/2019:04:01:04 +0330] "GET /customer/register?forwardUri=%2Ffilter%2Fb213%2Cp51 HTTP/1.1" 200 35708 "-" "Mozilla/5.0 (compatible; bingbot/2.0; +http://www.bing.com/bingbot.htm)" "-"
130.185.74.243 - - [22/Jan/2019:04:01:04 +0330] "GET /product/12402/20295/%D9%85%D8%AC%D9%85%D9%88%D8%B9%D9%87-%D8%AA%D8%B5%D8%A7%D9%88%DB%8C%D8%B1-%D8%A7%DB%8C%D8%B1%D8%A7%D9%86-%D8%A7%D9%86%D8%AA%D8%B4%D8%A7%D8%B1%D8%A7%D8%AA-%DA%AF%D9%88%DB%8C%D8%A7-%D9%85%D8%AF%D9%84-%D8%B4%DA%A9%D9%88%D9%87-%D8%B3%D9%BE%D8%A7%D9%87%D8%A7%D9%86- HTTP/1.1" 200 42462 "-" "Mozilla/5.0 (Windows NT 6.1; rv:42.0) Gecko/20100101 Firefox/42.0" "-"
157.55.39.175 - - [22/Jan/2019:04:01:05 +0330] "GET /image/22593?name=gne60521dx-22.jpg&wh=200x200 HTTP/1.1" 200 3563 "-" "Mozilla/5.0 (iPhone; CPU iPhone OS 7_0 like Mac OS X) AppleWebKit/537.51.1 (KHTML, like Gecko) Version/7.0 Mobile/11A465 Safari/9537.53 (compatible; bingbot/2.0; +http://www.bing.com/bingbot.htm)" "-"
66.249.66.194 - - [22/Jan/2019:04:01:05 +0330] "GET /m/browse/electric-shavers/%D9%85%D8%A7%D8%B4%DB%8C%D9%86-%D8%A7%D8%B5%D9%84%D8%A7%D8%AD HTTP/1.1" 200 20777 "-" "Mozilla/5.0 (Linux; Android 6.0.1; Nexus 5X Build/MMB29P) AppleWebKit/537.36 (KHTML, like Gecko) Chrome/41.0.2272.96 Mobile Safari/537.36 (compatible; Googlebot/2.1; +http://www.google.com/bot.html)" "-"
157.55.39.175 - - [22/Jan/2019:04:01:05 +0330] "GET /image/32135?name=530s.jpg&wh=200x200 HTTP/1.1" 200 3593 "-" "Mozilla/5.0 (iPhone; CPU iPhone OS 7_0 like Mac OS X) AppleWebKit/537.51.1 (KHTML, like Gecko) Version/7.0 Mobile/11A465 Safari/9537.53 (compatible; bingbot/2.0; +http://www.bing.com/bingbot.htm)" "-"
207.46.13.104 - - [22/Jan/2019:04:01:06 +0330] "GET /filter/b41,b42,b435,b645 HTTP/1.1" 200 37650 "-" "Mozilla/5.0 (compatible; bingbot/2.0; +http://www.bing.com/bingbot.htm)" "-"
66.249.66.91 - - [22/Jan/2019:04:01:06 +0330] "GET /image/21525/productType?size=240x180 HTTP/1.1" 200 15980 "-" "Googlebot-Image/1.0" "-"
130.185.74.243 - - [22/Jan/2019:04:01:06 +0330] "GET /product/19191/40895/%D8%A8%D9%88%D8%B3%D8%AA%D8%A7%D9%86-%D8%B3%D8%B9%D8%AF%DB%8C-%D8%A7%D9%86%D8%AA%D8%B4%D8%A7%D8%B1%D8%A7%D8%AA-%D9%BE%DB%8C%D8%A7%D9%85-%D8%B9%D8%AF%D8%A7%D9%84%D8%AA-%D9%85%D8%AF%D9%84-%D8%A8%D9%88%D8%B3%D8%AA%D8%A7%D9%86-%D8%B3%D8%B9%D8%AF%DB%8C-%D9%85%D8%B9%D8%B7%D8%B1 HTTP/1.1" 200 41537 "-" "Mozilla/5.0 (Windows NT 6.1; rv:42.0) Gecko/20100101 Firefox/42.0" "-"
192.15.21.99 - - [22/Jan/2019:04:01:06 +0330] "GET / HTTP/1.1" 301 178 "-" "Dorado WAP-Browser/1.0.0" "-"
130.185.74.243 - - [22/Jan/2019:04:01:06 +0330] "GET /product/12211/19787/%D9%85%D8%AC%D9%85%D9%88%D8%B9%D9%87-%D8%AA%D8%B5%D8%A7%D9%88%DB%8C%D8%B1-%D8%A7%DB%8C%D8%B1%D8%A7%D9%86-%D8%A7%D9%86%D8%AA%D8%B4%D8%A7%D8%B1%D8%A7%D8%AA-%DA%AF%D9%88%DB%8C%D8%A7-%D9%85%D8%AF%D9%84-%D8%B4%DA%A9%DB%8C%D8%A8%D8%A7-%D8%A8%D9%87-%DA%A9%D9%88%D8%B1%D9%88%D8%B4- HTTP/1.1" 200 41602 "-" "Mozilla/5.0 (Windows NT 6.1; rv:42.0) Gecko/20100101 Firefox/42.0" "-"
66.249.66.194 - - [22/Jan/2019:04:01:06 +0330] "GET /m/article/618/%D8%AE%D9%88%D8%A7%D8%A8-%D8%B1%D9%81%D8%AA%D9%86%D8%8C%DA%AF%D8%B2%DA%AF%D8%B2%D8%8C%D8%B3%D9%88%D8%B2%D8%B4-%D9%88-%D8%A8%DB%8C-%D8%AD%D8%B3%DB%8C-%D9%BE%D8%A7%3A-%D8%B9%D9%84%D8%AA-%D9%88-%D8%AF%D8%B1%D9%85%D8%A7%D9%86- HTTP/1.1" 200 20055 "-" "Mozilla/5.0 (Linux; Android 6.0.1; Nexus 5X Build/MMB29P) AppleWebKit/537.36 (KHTML, like Gecko) Chrome/41.0.2272.96 Mobile Safari/537.36 (compatible; Googlebot/2.1; +http://www.google.com/bot.html)" "-"
130.185.74.243 - - [22/Jan/2019:04:01:07 +0330] "GET /product/12174/19703/%D8%B4%D8%A7%D9%87%D9%86%D8%A7%D9%85%D9%87-%D9%81%D8%B1%D8%AF%D9%88%D8%B3%DB%8C-%D8%A7%D9%86%D8%AA%D8%B4%D8%A7%D8%B1%D8%A7%D8%AA-%DA%AF%D9%88%DB%8C%D8%A7-%D9%85%D8%AF%D9%84-%D8%B3%D9%84%D8%B7%D8%A7%D9%86%DB%8C-%D8%A7%D8%B3%D8%AA%D8%A7%D8%AF-%D8%B4%DA%A9%DB%8C%D8%A8%D8%A7 HTTP/1.1" 200 41644 "-" "Mozilla/5.0 (Windows NT 6.1; rv:42.0) Gecko/20100101 Firefox/42.0" "-"
66.249.66.194 - - [22/Jan/2019:04:01:08 +0330] "GET /m/filter/b5%2Cb88 HTTP/1.1" 200 21478 "-" "Mozilla/5.0 (Linux; Android 6.0.1; Nexus 5X Build/MMB29P) AppleWebKit/537.36 (KHTML, like Gecko) Chrome/41.0.2272.96 Mobile Safari/537.36 (compatible; Googlebot/2.1; +http://www.google.com/bot.html)" "-"
66.249.66.91 - - [22/Jan/2019:04:01:08 +0330] "GET /filter/b874%2Cb32%2Cb63%2Cb99%2Cb126%2Cb820%2Cb249%2Cb3%2Cb148%2Cb724%2Cb613%2Cb183%2Cb213%2Cb484%2Cb224%2Cb734%2Cb20%2Cb95%2Cb542%2Cb212%2Cb485%2Cb523%2Cb118%2Cb186%2Cb67?page=2 HTTP/1.1" 200 39419 "-" "Mozilla/5.0 (compatible; Googlebot/2.1; +http://www.google.com/bot.html)" "-"
83.123.86.60 - - [22/Jan/2019:04:01:08 +0330] "GET /m/filter/b32%2Cp3%2Ct5 HTTP/1.1" 200 18349 "https://www-zanbil-ir.cdn.ampproject.org/" "Mozilla/5.0 (iPhone; CPU iPhone OS 12_1_2 like Mac OS X) AppleWebKit/605.1.15 (KHTML, like Gecko) Version/12.0 Mobile/15E148 Safari/604.1" "-"
130.185.74.243 - - [22/Jan/2019:04:01:08 +0330] "GET /filter/stexists,p12129?page=3 HTTP/1.1" 200 33470 "-" "Mozilla/5.0 (Windows NT 6.1; rv:42.0) Gecko/20100101 Firefox/42.0" "-"
207.46.13.104 - - [22/Jan/2019:04:01:08 +0330] "GET /filter/b1,b120,b3,b598 HTTP/1.1" 200 37564 "-" "Mozilla/5.0 (compatible; bingbot/2.0; +http://www.bing.com/bingbot.htm)" "-"
66.249.66.194 - - [22/Jan/2019:04:01:08 +0330] "GET /browse/Screen-video-projector/%D9%BE%D8%B1%D8%AF%D9%87-%D9%86%D9%85%D8%A7%DB%8C%D8%B4 HTTP/1.1" 200 31085 "-" "Mozilla/5.0 (compatible; Googlebot/2.1; +http://www.google.com/bot.html)" "-"
83.123.86.60 - - [22/Jan/2019:04:01:09 +0330] "GET /static/images/guarantees/goodShopping.png HTTP/1.1" 200 6496 "https://www.zanbil.ir/" "Mozilla/5.0 (iPhone; CPU iPhone OS 12_1_2 like Mac OS X) AppleWebKit/605.1.15 (KHTML, like Gecko) Version/12.0 Mobile/15E148 Safari/604.1" "-"
83.123.86.60 - - [22/Jan/2019:04:01:09 +0330] "GET /static/css/font/wyekan/font.woff HTTP/1.1" 200 28536 "https://www.zanbil.ir/" "Mozilla/5.0 (iPhone; CPU iPhone OS 12_1_2 like Mac OS X) AppleWebKit/605.1.15 (KHTML, like Gecko) Version/12.0 Mobile/15E148 Safari/604.1" "-"
83.123.86.60 - - [22/Jan/2019:04:01:09 +0330] "GET /static/images/guarantees/warranty.png HTTP/1.1" 200 5807 "https://www.zanbil.ir/" "Mozilla/5.0 (iPhone; CPU iPhone OS 12_1_2 like Mac OS X) AppleWebKit/605.1.15 (KHTML, like Gecko) Version/12.0 Mobile/15E148 Safari/604.1" "-"
54.36.148.254 - - [22/Jan/2019:04:01:09 +0330] "GET /product/29892/81184 HTTP/1.1" 200 42373 "-" "Mozilla/5.0 (compatible; AhrefsBot/6.1; +http://ahrefs.com/robot/)" "-"
5.123.213.242 - - [22/Jan/2019:04:01:09 +0330] "GET /image/33888?name=model-b2048u-1-.jpg&wh=200x200 HTTP/1.1" 200 3975 "-" "Dalvik/2.1.0 (Linux; U; Android 6.0.1; SM-J700H Build/MMB29K)" "-"
83.123.86.60 - - [22/Jan/2019:04:01:09 +0330] "GET /static/images/guarantees/bestPrice.png HTTP/1.1" 200 7356 "https://www.zanbil.ir/" "Mozilla/5.0 (iPhone; CPU iPhone OS 12_1_2 like Mac OS X) AppleWebKit/605.1.15 (KHTML, like Gecko) Version/12.0 Mobile/15E148 Safari/604.1" "-"
83.123.86.60 - - [22/Jan/2019:04:01:09 +0330] "GET /static/images/guarantees/support.png HTTP/1.1" 200 6454 "https://www.zanbil.ir/" "Mozilla/5.0 (iPhone; CPU iPhone OS 12_1_2 like Mac OS X) AppleWebKit/605.1.15 (KHTML, like Gecko) Version/12.0 Mobile/15E148 Safari/604.1" "-"
83.123.86.60 - - [22/Jan/2019:04:01:09 +0330] "GET /static/images/guarantees/fastDelivery.png HTTP/1.1" 200 7713 "https://www.zanbil.ir/" "Mozilla/5.0 (iPhone; CPU iPhone OS 12_1_2 like Mac OS X) AppleWebKit/605.1.15 (KHTML, like Gecko) Version/12.0 Mobile/15E148 Safari/604.1" "-"
83.123.86.60 - - [22/Jan/2019:04:01:09 +0330] "GET /image/62905/productModel/200x200 HTTP/1.1" 200 2959 "https://www.zanbil.ir/" "Mozilla/5.0 (iPhone; CPU iPhone OS 12_1_2 like Mac OS X) AppleWebKit/605.1.15 (KHTML, like Gecko) Version/12.0 Mobile/15E148 Safari/604.1" "-"
83.123.86.60 - - [22/Jan/2019:04:01:09 +0330] "GET /image/47972/productModel/200x200 HTTP/1.1" 200 3319 "https://www.zanbil.ir/" "Mozilla/5.0 (iPhone; CPU iPhone OS 12_1_2 like Mac OS X) AppleWebKit/605.1.15 (KHTML, like Gecko) Version/12.0 Mobile/15E148 Safari/604.1" "-"
83.123.86.60 - - [22/Jan/2019:04:01:09 +0330] "GET /image/62909/productModel/200x200 HTTP/1.1" 200 3412 "https://www.zanbil.ir/" "Mozilla/5.0 (iPhone; CPU iPhone OS 12_1_2 like Mac OS X) AppleWebKit/605.1.15 (KHTML, like Gecko) Version/12.0 Mobile/15E148 Safari/604.1" "-"
83.123.86.60 - - [22/Jan/2019:04:01:09 +0330] "GET /settings/logo HTTP/1.1" 200 4120 "https://www.zanbil.ir/m/filter/b32%2Cp3%2Ct5" "Mozilla/5.0 (iPhone; CPU iPhone OS 12_1_2 like Mac OS X) AppleWebKit/605.1.15 (KHTML, like Gecko) Version/12.0 Mobile/15E148 Safari/604.1" "-"
130.185.74.243 - - [22/Jan/2019:04:01:09 +0330] "GET /product/12226/19825/%D8%B4%D8%A7%D9%87%D9%86%D8%A7%D9%85%D9%87-%D9%81%D8%B1%D8%AF%D9%88%D8%B3%DB%8C-%D8%A7%D9%86%D8%AA%D8%B4%D8%A7%D8%B1%D8%A7%D8%AA-%DA%AF%D9%88%DB%8C%D8%A7-%D9%85%D8%AF%D9%84-%D8%B3%D9%84%D8%B7%D8%A7%D9%86%DB%8C-%D8%A7%D8%B3%D8%AA%D8%A7%D8%AF-%D8%B4%DA%A9%DB%8C%D8%A8%D8%A7 HTTP/1.1" 200 42079 "-" "Mozilla/5.0 (Windows NT 6.1; rv:42.0) Gecko/20100101 Firefox/42.0" "-"
207.46.13.104 - - [22/Jan/2019:04:01:09 +0330] "GET /filter/b198,b321,b441,b574 HTTP/1.1" 200 37259 "-" "Mozilla/5.0 (compatible; bingbot/2.0; +http://www.bing.com/bingbot.htm)" "-"
83.123.86.60 - - [22/Jan/2019:04:01:09 +0330] "GET /image/886/brand HTTP/1.1" 200 3860 "https://www.zanbil.ir/" "Mozilla/5.0 (iPhone; CPU iPhone OS 12_1_2 like Mac OS X) AppleWebKit/605.1.15 (KHTML, like Gecko) Version/12.0 Mobile/15E148 Safari/604.1" "-"
83.123.86.60 - - [22/Jan/2019:04:01:09 +0330] "GET /image/126/brand HTTP/1.1" 200 2436 "https://www.zanbil.ir/" "Mozilla/5.0 (iPhone; CPU iPhone OS 12_1_2 like Mac OS X) AppleWebKit/605.1.15 (KHTML, like Gecko) Version/12.0 Mobile/15E148 Safari/604.1" "-"
83.123.86.60 - - [22/Jan/2019:04:01:09 +0330] "GET /image/35/brand HTTP/1.1" 200 2264 "https://www.zanbil.ir/" "Mozilla/5.0 (iPhone; CPU iPhone OS 12_1_2 like Mac OS X) AppleWebKit/605.1.15 (KHTML, like Gecko) Version/12.0 Mobile/15E148 Safari/604.1" "-"
54.36.148.55 - - [22/Jan/2019:04:01:10 +0330] "GET /filter/591%7C%D8%AF%D8%A7%D8%B1%DB%8C%202%20%D9%82%D9%88%D8%B1%DB%8C%201%D9%881.2%20%D9%84%DB%8C%D8%AA%D8%B1%2Cp10%2C591%7C0.8%20%D9%84%DB%8C%D8%AA%D8%B1?o=591 HTTP/1.1" 302 0 "-" "Mozilla/5.0 (compatible; AhrefsBot/6.1; +http://ahrefs.com/robot/)" "-"
83.123.86.60 - - [22/Jan/2019:04:01:10 +0330] "GET /image/1218/mainSlideMobile HTTP/1.1" 200 68123 "https://www.zanbil.ir/" "Mozilla/5.0 (iPhone; CPU iPhone OS 12_1_2 like Mac OS X) AppleWebKit/605.1.15 (KHTML, like Gecko) Version/12.0 Mobile/15E148 Safari/604.1" "-"
83.123.86.60 - - [22/Jan/2019:04:01:10 +0330] "GET /image/14/productTypeType HTTP/1.1" 200 11129 "https://www.zanbil.ir/" "Mozilla/5.0 (iPhone; CPU iPhone OS 12_1_2 like Mac OS X) AppleWebKit/605.1.15 (KHTML, like Gecko) Version/12.0 Mobile/15E148 Safari/604.1" "-"
83.123.86.60 - - [22/Jan/2019:04:01:10 +0330] "GET /image/5/productTypeType HTTP/1.1" 200 11174 "https://www.zanbil.ir/" "Mozilla/5.0 (iPhone; CPU iPhone OS 12_1_2 like Mac OS X) AppleWebKit/605.1.15 (KHTML, like Gecko) Version/12.0 Mobile/15E148 Safari/604.1" "-"
5.115.54.117 - - [22/Jan/2019:04:01:10 +0330] "GET /favicon.ico HTTP/1.1" 200 0 "-" "Mozilla/5.0 (Android 8.0.0; Mobile; rv:62.0.3) Gecko/62.0.3 Firefox/62.0.3" "-"
83.123.86.60 - - [22/Jan/2019:04:01:10 +0330] "GET /image/2/brand HTTP/1.1" 200 4842 "https://www.zanbil.ir/" "Mozilla/5.0 (iPhone; CPU iPhone OS 12_1_2 like Mac OS X) AppleWebKit/605.1.15 (KHTML, like Gecko) Version/12.0 Mobile/15E148 Safari/604.1" "-"
83.123.86.60 - - [22/Jan/2019:04:01:10 +0330] "GET /image/105/brand HTTP/1.1" 200 2653 "https://www.zanbil.ir/" "Mozilla/5.0 (iPhone; CPU iPhone OS 12_1_2 like Mac OS X) AppleWebKit/605.1.15 (KHTML, like Gecko) Version/12.0 Mobile/15E148 Safari/604.1" "-"
83.123.86.60 - - [22/Jan/2019:04:01:10 +0330] "GET /image/213/brand HTTP/1.1" 200 2328 "https://www.zanbil.ir/" "Mozilla/5.0 (iPhone; CPU iPhone OS 12_1_2 like Mac OS X) AppleWebKit/605.1.15 (KHTML, like Gecko) Version/12.0 Mobile/15E148 Safari/604.1" "-"
83.123.86.60 - - [22/Jan/2019:04:01:10 +0330] "GET /image/978/mainSlideMobile HTTP/1.1" 200 66099 "https://www.zanbil.ir/" "Mozilla/5.0 (iPhone; CPU iPhone OS 12_1_2 like Mac OS X) AppleWebKit/605.1.15 (KHTML, like Gecko) Version/12.0 Mobile/15E148 Safari/604.1" "-"
83.123.86.60 - - [22/Jan/2019:04:01:10 +0330] "GET /image/11/productTypeType HTTP/1.1" 200 11468 "https://www.zanbil.ir/" "Mozilla/5.0 (iPhone; CPU iPhone OS 12_1_2 like Mac OS X) AppleWebKit/605.1.15 (KHTML, like Gecko) Version/12.0 Mobile/15E148 Safari/604.1" "-"
83.123.86.60 - - [22/Jan/2019:04:01:10 +0330] "GET /image/10/productTypeType HTTP/1.1" 200 11404 "https://www.zanbil.ir/" "Mozilla/5.0 (iPhone; CPU iPhone OS 12_1_2 like Mac OS X) AppleWebKit/605.1.15 (KHTML, like Gecko) Version/12.0 Mobile/15E148 Safari/604.1" "-"
83.123.86.60 - - [22/Jan/2019:04:01:10 +0330] "GET /favicon.ico HTTP/1.1" 200 0 "https://www.zanbil.ir/m/filter/b32%2Cp3%2Ct5" "Mozilla/5.0 (iPhone; CPU iPhone OS 12_1_2 like Mac OS X) AppleWebKit/605.1.15 (KHTML, like Gecko) Version/12.0 Mobile/15E148 Safari/604.1" "-"
5.127.189.90 - - [22/Jan/2019:04:01:10 +0330] "GET /image/11911?name=11911-1-fw.jpg&wh=200x200 HTTP/1.1" 200 4119 "-" "Dalvik/2.1.0 (Linux; U; Android 7.0; SM-A510F Build/NRD90M)" "-"
130.185.74.243 - - [22/Jan/2019:04:01:11 +0330] "GET /filter/stexists,p12129?page=4 HTTP/1.1" 200 31635 "-" "Mozilla/5.0 (Windows NT 6.1; rv:42.0) Gecko/20100101 Firefox/42.0" "-"
5.211.97.39 - - [22/Jan/2019:04:01:11 +0330] "HEAD /amp_preconnect_polyfill_404_or_other_error_expected._Do_not_worry_about_it?1548117360000 HTTP/1.1" 404 0 "https://www.zanbil.ir/m/filter/p9%2Ct453?name=%D8%A2%D8%A8%D9%85%DB%8C%D9%88%D9%87-%DA%AF%DB%8C%D8%B1%DB%8C&productType=juicer" "Mozilla/5.0 (iPhone; CPU iPhone OS 10_3_2 like Mac OS X) AppleWebKit/603.2.4 (KHTML, like Gecko) Version/10.0 Mobile/14F89 Safari/602.1" "-"
207.46.13.136 - - [22/Jan/2019:04:01:11 +0330] "GET /image/15679?name=calite-charm-silaa111.jpg&wh=max HTTP/1.1" 200 227651 "-" "Mozilla/5.0 (compatible; bingbot/2.0; +http://www.bing.com/bingbot.htm)" "-"
130.185.74.243 - - [22/Jan/2019:04:01:12 +0330] "GET /filter/stexists,p12129?page=5 HTTP/1.1" 200 31638 "-" "Mozilla/5.0 (Windows NT 6.1; rv:42.0) Gecko/20100101 Firefox/42.0" "-"
5.211.97.39 - - [22/Jan/2019:04:01:12 +0330] "HEAD /amp_preconnect_polyfill_404_or_other_error_expected._Do_not_worry_about_it?1548117360000 HTTP/1.1" 404 0 "https://www.zanbil.ir/m/browse/juicer/%D8%A2%D8%A8%D9%85%DB%8C%D9%88%D9%87-%DA%AF%DB%8C%D8%B1%DB%8C" "Mozilla/5.0 (iPhone; CPU iPhone OS 10_3_2 like Mac OS X) AppleWebKit/603.2.4 (KHTML, like Gecko) Version/10.0 Mobile/14F89 Safari/602.1" "-"
54.36.148.29 - - [22/Jan/2019:04:01:13 +0330] "GET /blog/baby/%DA%86%D9%86%D8%AF-%D8%B1%D9%88%D8%B4-%D8%A2%D8%B1%D8%A7%D9%85-%DA%A9%D8%B1%D8%AF%D9%86-%D9%86%D9%88%D8%B2%D8%A7%D8%AF-%D8%A8%D9%87-%D9%87%D9%86%DA%AF%D8%A7%D9%85-%DA%AF%D8%B1%DB%8C%D9%87/feed/ HTTP/1.1" 200 650 "-" "Mozilla/5.0 (compatible; AhrefsBot/6.1; +http://ahrefs.com/robot/)" "-"
83.123.86.60 - - [22/Jan/2019:04:01:13 +0330] "GET /static/images/amp/instagram.png HTTP/1.1" 200 7146 "https://www.zanbil.ir/" "Mozilla/5.0 (iPhone; CPU iPhone OS 12_1_2 like Mac OS X) AppleWebKit/605.1.15 (KHTML, like Gecko) Version/12.0 Mobile/15E148 Safari/604.1" "-"
130.185.74.243 - - [22/Jan/2019:04:01:13 +0330] "GET /filter/stexists,p12129?page=6 HTTP/1.1" 200 31633 "-" "Mozilla/5.0 (Windows NT 6.1; rv:42.0) Gecko/20100101 Firefox/42.0" "-"
83.123.86.60 - - [22/Jan/2019:04:01:13 +0330] "GET /static/images/amp/telegram.png HTTP/1.1" 200 4859 "https://www.zanbil.ir/" "Mozilla/5.0 (iPhone; CPU iPhone OS 12_1_2 like Mac OS X) AppleWebKit/605.1.15 (KHTML, like Gecko) Version/12.0 Mobile/15E148 Safari/604.1" "-"
83.123.86.60 - - [22/Jan/2019:04:01:13 +0330] "GET /static/images/amp/blog.png HTTP/1.1" 200 3863 "https://www.zanbil.ir/" "Mozilla/5.0 (iPhone; CPU iPhone OS 12_1_2 like Mac OS X) AppleWebKit/605.1.15 (KHTML, like Gecko) Version/12.0 Mobile/15E148 Safari/604.1" "-"
83.123.86.60 - - [22/Jan/2019:04:01:13 +0330] "GET /static/images/amp/third-party/footer-mobile.png HTTP/1.1" 200 62894 "https://www.zanbil.ir/" "Mozilla/5.0 (iPhone; CPU iPhone OS 12_1_2 like Mac OS X) AppleWebKit/605.1.15 (KHTML, like Gecko) Version/12.0 Mobile/15E148 Safari/604.1" "-"
5.211.97.39 - - [22/Jan/2019:04:01:14 +0330] "HEAD /amp_preconnect_polyfill_404_or_other_error_expected._Do_not_worry_about_it?1548117360000 HTTP/1.1" 404 0 "https://www.zanbil.ir/m/browse/beverage-preperation-and-storage/%D8%AA%D9%87%DB%8C%D9%87-%D9%88-%D9%86%DA%AF%D9%87%D8%AF%D8%A7%D8%B1%DB%8C-%D9%86%D9%88%D8%B4%DB%8C%D8%AF%D9%86%DB%8C" "Mozilla/5.0 (iPhone; CPU iPhone OS 10_3_2 like Mac OS X) AppleWebKit/603.2.4 (KHTML, like Gecko) Version/10.0 Mobile/14F89 Safari/602.1" "-"
130.185.74.243 - - [22/Jan/2019:04:01:14 +0330] "GET /filter/stexists,p12129?page=7 HTTP/1.1" 200 31627 "-" "Mozilla/5.0 (Windows NT 6.1; rv:42.0) Gecko/20100101 Firefox/42.0" "-"
207.46.13.136 - - [22/Jan/2019:04:01:15 +0330] "GET /filter/b1,b103,b105,b109,b111,b113,b135,b144,b176,b186,b221,b261,b291,b481,b52,b570,b598,b615,b645,b74,b77,b83 HTTP/1.1" 200 39147 "-" "Mozilla/5.0 (compatible; bingbot/2.0; +http://www.bing.com/bingbot.htm)" "-"
66.249.66.194 - - [22/Jan/2019:04:01:15 +0330] "GET /product/3674/%DB%8C%D8%AE%DA%86%D8%A7%D9%84-%D9%81%D8%B1%DB%8C%D8%B2%D8%B1-%D8%B3%D8%A7%DB%8C%D8%AF-%D8%A8%D8%A7%DB%8C-%D8%B3%D8%A7%DB%8C%D8%AF-%D8%A7%D8%B3%D9%86%D9%88%D8%A7-%D9%85%D8%AF%D9%84-COUNTER-SR-SL928 HTTP/1.1" 200 43631 "-" "Mozilla/5.0 (compatible; Googlebot/2.1; +http://www.google.com/bot.html)" "-"
54.36.149.73 - - [22/Jan/2019:04:01:15 +0330] "GET /filter/p11676%2Cv1%7C%D8%B3%D8%B1%D9%85%D9%87%20%D8%A7%DB%8C%2Cv1%7C%DA%A9%D8%B1%D9%85 HTTP/1.1" 200 31655 "-" "Mozilla/5.0 (compatible; AhrefsBot/6.1; +http://ahrefs.com/robot/)" "-"
130.185.74.243 - - [22/Jan/2019:04:01:16 +0330] "GET /filter/stexists,p12129?page=8 HTTP/1.1" 200 31621 "-" "Mozilla/5.0 (Windows NT 6.1; rv:42.0) Gecko/20100101 Firefox/42.0" "-"
130.185.74.243 - - [22/Jan/2019:04:01:17 +0330] "GET /filter/stexists,p12129?page=9 HTTP/1.1" 200 31613 "-" "Mozilla/5.0 (Windows NT 6.1; rv:42.0) Gecko/20100101 Firefox/42.0" "-"
54.36.148.180 - - [22/Jan/2019:04:01:17 +0330] "GET /filter/b153%2Cb180%2Cb261%2Cb33%2Cb36%2Cb41%2Cb58%2Cb632%2Cb74%2Cb873%2Cp48%2Cstexists%2Ct15%2Cv1%7C%D9%85%D8%B4%DA%A9%DB%8C%20%D8%A2%D8%A8%DB%8C?o=v1 HTTP/1.1" 302 0 "-" "Mozilla/5.0 (compatible; AhrefsBot/6.1; +http://ahrefs.com/robot/)" "-"
5.211.97.39 - - [22/Jan/2019:04:01:17 +0330] "GET /m/browse/tea-maker/%DA%86%D8%A7%DB%8C-%D8%B3%D8%A7%D8%B2 HTTP/1.1" 200 19832 "https://www.zanbil.ir/m/browse/beverage-preperation-and-storage/%D8%AA%D9%87%DB%8C%D9%87-%D9%88-%D9%86%DA%AF%D9%87%D8%AF%D8%A7%D8%B1%DB%8C-%D9%86%D9%88%D8%B4%DB%8C%D8%AF%D9%86%DB%8C" "Mozilla/5.0 (iPhone; CPU iPhone OS 10_3_2 like Mac OS X) AppleWebKit/603.2.4 (KHTML, like Gecko) Version/10.0 Mobile/14F89 Safari/602.1" "-"
5.211.97.39 - - [22/Jan/2019:04:01:18 +0330] "GET /settings/logo HTTP/1.1" 200 4120 "https://www.zanbil.ir/m/browse/tea-maker/%DA%86%D8%A7%DB%8C-%D8%B3%D8%A7%D8%B2" "Mozilla/5.0 (iPhone; CPU iPhone OS 10_3_2 like Mac OS X) AppleWebKit/603.2.4 (KHTML, like Gecko) Version/10.0 Mobile/14F89 Safari/602.1" "-"
5.211.97.39 - - [22/Jan/2019:04:01:18 +0330] "GET /image/60667/productModel/200x200 HTTP/1.1" 200 5020 "https://www.zanbil.ir/m/browse/tea-maker/%DA%86%D8%A7%DB%8C-%D8%B3%D8%A7%D8%B2" "Mozilla/5.0 (iPhone; CPU iPhone OS 10_3_2 like Mac OS X) AppleWebKit/603.2.4 (KHTML, like Gecko) Version/10.0 Mobile/14F89 Safari/602.1" "-"
5.211.97.39 - - [22/Jan/2019:04:01:18 +0330] "GET /image/64560/productModel/200x200 HTTP/1.1" 200 4563 "https://www.zanbil.ir/m/browse/tea-maker/%DA%86%D8%A7%DB%8C-%D8%B3%D8%A7%D8%B2" "Mozilla/5.0 (iPhone; CPU iPhone OS 10_3_2 like Mac OS X) AppleWebKit/603.2.4 (KHTML, like Gecko) Version/10.0 Mobile/14F89 Safari/602.1" "-"
5.211.97.39 - - [22/Jan/2019:04:01:18 +0330] "GET /image/64844/productModel/200x200 HTTP/1.1" 200 5445 "https://www.zanbil.ir/m/browse/tea-maker/%DA%86%D8%A7%DB%8C-%D8%B3%D8%A7%D8%B2" "Mozilla/5.0 (iPhone; CPU iPhone OS 10_3_2 like Mac OS X) AppleWebKit/603.2.4 (KHTML, like Gecko) Version/10.0 Mobile/14F89 Safari/602.1" "-"
5.211.97.39 - - [22/Jan/2019:04:01:18 +0330] "HEAD /amp_preconnect_polyfill_404_or_other_error_expected._Do_not_worry_about_it?1548117360000 HTTP/1.1" 404 0 "https://www.zanbil.ir/m/browse/tea-maker/%DA%86%D8%A7%DB%8C-%D8%B3%D8%A7%D8%B2" "Mozilla/5.0 (iPhone; CPU iPhone OS 10_3_2 like Mac OS X) AppleWebKit/603.2.4 (KHTML, like Gecko) Version/10.0 Mobile/14F89 Safari/602.1" "-"
5.211.97.39 - - [22/Jan/2019:04:01:18 +0330] "GET /image/56515/productModel/200x200 HTTP/1.1" 200 4028 "https://www.zanbil.ir/m/browse/tea-maker/%DA%86%D8%A7%DB%8C-%D8%B3%D8%A7%D8%B2" "Mozilla/5.0 (iPhone; CPU iPhone OS 10_3_2 like Mac OS X) AppleWebKit/603.2.4 (KHTML, like Gecko) Version/10.0 Mobile/14F89 Safari/602.1" "-"
5.211.97.39 - - [22/Jan/2019:04:01:18 +0330] "GET /image/114/productTypeType HTTP/1.1" 200 10954 "https://www.zanbil.ir/m/browse/tea-maker/%DA%86%D8%A7%DB%8C-%D8%B3%D8%A7%D8%B2" "Mozilla/5.0 (iPhone; CPU iPhone OS 10_3_2 like Mac OS X) AppleWebKit/603.2.4 (KHTML, like Gecko) Version/10.0 Mobile/14F89 Safari/602.1" "-"
5.211.97.39 - - [22/Jan/2019:04:01:18 +0330] "GET /image/61051/productModel/200x200 HTTP/1.1" 200 4485 "https://www.zanbil.ir/m/browse/tea-maker/%DA%86%D8%A7%DB%8C-%D8%B3%D8%A7%D8%B2" "Mozilla/5.0 (iPhone; CPU iPhone OS 10_3_2 like Mac OS X) AppleWebKit/603.2.4 (KHTML, like Gecko) Version/10.0 Mobile/14F89 Safari/602.1" "-"
5.211.97.39 - - [22/Jan/2019:04:01:18 +0330] "GET /image/33987/productModel/200x200 HTTP/1.1" 200 3547 "https://www.zanbil.ir/m/browse/tea-maker/%DA%86%D8%A7%DB%8C-%D8%B3%D8%A7%D8%B2" "Mozilla/5.0 (iPhone; CPU iPhone OS 10_3_2 like Mac OS X) AppleWebKit/603.2.4 (KHTML, like Gecko) Version/10.0 Mobile/14F89 Safari/602.1" "-"
5.211.97.39 - - [22/Jan/2019:04:01:18 +0330] "GET /image/818/mainSlideMobile HTTP/1.1" 200 61557 "https://www.zanbil.ir/m/browse/tea-maker/%DA%86%D8%A7%DB%8C-%D8%B3%D8%A7%D8%B2" "Mozilla/5.0 (iPhone; CPU iPhone OS 10_3_2 like Mac OS X) AppleWebKit/603.2.4 (KHTML, like Gecko) Version/10.0 Mobile/14F89 Safari/602.1" "-"
172.20.2.174 - - [22/Jan/2019:04:01:18 +0330] "GET /site/ping HTTP/1.1" 200 4 "-" "-" "-"
5.211.97.39 - - [22/Jan/2019:04:01:18 +0330] "GET /image/113/productTypeType HTTP/1.1" 200 10280 "https://www.zanbil.ir/m/browse/tea-maker/%DA%86%D8%A7%DB%8C-%D8%B3%D8%A7%D8%B2" "Mozilla/5.0 (iPhone; CPU iPhone OS 10_3_2 like Mac OS X) AppleWebKit/603.2.4 (KHTML, like Gecko) Version/10.0 Mobile/14F89 Safari/602.1" "-"
5.211.97.39 - - [22/Jan/2019:04:01:18 +0330] "GET /image/288/productTypeType HTTP/1.1" 200 11021 "https://www.zanbil.ir/m/browse/tea-maker/%DA%86%D8%A7%DB%8C-%D8%B3%D8%A7%D8%B2" "Mozilla/5.0 (iPhone; CPU iPhone OS 10_3_2 like Mac OS X) AppleWebKit/603.2.4 (KHTML, like Gecko) Version/10.0 Mobile/14F89 Safari/602.1" "-"
5.211.97.39 - - [22/Jan/2019:04:01:18 +0330] "GET /image/31385/productModel/200x200 HTTP/1.1" 200 6245 "https://www.zanbil.ir/m/browse/tea-maker/%DA%86%D8%A7%DB%8C-%D8%B3%D8%A7%D8%B2" "Mozilla/5.0 (iPhone; CPU iPhone OS 10_3_2 like Mac OS X) AppleWebKit/603.2.4 (KHTML, like Gecko) Version/10.0 Mobile/14F89 Safari/602.1" "-"
66.249.66.91 - - [22/Jan/2019:04:01:18 +0330] "GET /filter/b874%2Cb32%2Cb63%2Cb99%2Cb126%2Cb820%2Cb249%2Cb3%2Cb148%2Cb724%2Cb613%2Cb183%2Cb213%2Cb484%2Cb224%2Cb734%2Cb20%2Cb95%2Cb542%2Cb212%2Cb485%2Cb523%2Cb118%2Cb186%2Cb67?page=5 HTTP/1.1" 200 39777 "-" "Mozilla/5.0 (compatible; Googlebot/2.1; +http://www.google.com/bot.html)" "-"
130.185.74.243 - - [22/Jan/2019:04:01:18 +0330] "GET /filter/stexists,p12129?page=10 HTTP/1.1" 200 31613 "-" "Mozilla/5.0 (Windows NT 6.1; rv:42.0) Gecko/20100101 Firefox/42.0" "-"
5.211.97.39 - - [22/Jan/2019:04:01:18 +0330] "GET /image/64418/productModel/200x200 HTTP/1.1" 200 3974 "https://www.zanbil.ir/m/browse/tea-maker/%DA%86%D8%A7%DB%8C-%D8%B3%D8%A7%D8%B2" "Mozilla/5.0 (iPhone; CPU iPhone OS 10_3_2 like Mac OS X) AppleWebKit/603.2.4 (KHTML, like Gecko) Version/10.0 Mobile/14F89 Safari/602.1" "-"
5.211.97.39 - - [22/Jan/2019:04:01:18 +0330] "GET /image/153/brand HTTP/1.1" 200 2566 "https://www.zanbil.ir/m/browse/tea-maker/%DA%86%D8%A7%DB%8C-%D8%B3%D8%A7%D8%B2" "Mozilla/5.0 (iPhone; CPU iPhone OS 10_3_2 like Mac OS X) AppleWebKit/603.2.4 (KHTML, like Gecko) Version/10.0 Mobile/14F89 Safari/602.1" "-"
130.185.74.243 - - [22/Jan/2019:04:01:19 +0330] "GET /filter/stexists,p12129?page=11 HTTP/1.1" 200 31614 "-" "Mozilla/5.0 (Windows NT 6.1; rv:42.0) Gecko/20100101 Firefox/42.0" "-"
5.211.97.39 - - [22/Jan/2019:04:01:19 +0330] "GET /image/10489/productModel/200x200 HTTP/1.1" 200 3394 "https://www.zanbil.ir/m/browse/tea-maker/%DA%86%D8%A7%DB%8C-%D8%B3%D8%A7%D8%B2" "Mozilla/5.0 (iPhone; CPU iPhone OS 10_3_2 like Mac OS X) AppleWebKit/603.2.4 (KHTML, like Gecko) Version/10.0 Mobile/14F89 Safari/602.1" "-"
5.211.97.39 - - [22/Jan/2019:04:01:19 +0330] "GET /image/60665/productModel/200x200 HTTP/1.1" 200 5454 "https://www.zanbil.ir/m/browse/tea-maker/%DA%86%D8%A7%DB%8C-%D8%B3%D8%A7%D8%B2" "Mozilla/5.0 (iPhone; CPU iPhone OS 10_3_2 like Mac OS X) AppleWebKit/603.2.4 (KHTML, like Gecko) Version/10.0 Mobile/14F89 Safari/602.1" "-"
66.249.66.194 - - [22/Jan/2019:04:01:20 +0330] "GET /m/filter/b1,p62 HTTP/1.1" 200 18892 "-" "Mozilla/5.0 (Linux; Android 6.0.1; Nexus 5X Build/MMB29P) AppleWebKit/537.36 (KHTML, like Gecko) Chrome/41.0.2272.96 Mobile Safari/537.36 (compatible; Googlebot/2.1; +http://www.google.com/bot.html)" "-"
66.249.66.194 - - [22/Jan/2019:04:01:20 +0330] "GET /filter?f=b168 HTTP/1.1" 200 36366 "-" "Mozilla/5.0 (compatible; Googlebot/2.1; +http://www.google.com/bot.html)" "-"
54.36.149.4 - - [22/Jan/2019:04:01:20 +0330] "GET /filter/b103,b611,p1229 HTTP/1.1" 200 29251 "-" "Mozilla/5.0 (compatible; AhrefsBot/6.1; +http://ahrefs.com/robot/)" "-"
130.185.74.243 - - [22/Jan/2019:04:01:20 +0330] "GET /filter/stexists,p12129?page=12 HTTP/1.1" 200 31615 "-" "Mozilla/5.0 (Windows NT 6.1; rv:42.0) Gecko/20100101 Firefox/42.0" "-"
130.185.74.243 - - [22/Jan/2019:04:01:21 +0330] "GET /browse/women-shackles HTTP/1.1" 200 29310 "-" "Mozilla/5.0 (Windows NT 6.1; rv:42.0) Gecko/20100101 Firefox/42.0" "-"
5.114.139.12 - - [22/Jan/2019:04:01:21 +0330] "GET /image/33968?name=6p-m1.jpg&wh=200x200 HTTP/1.1" 200 5852 "https://torob.com/p/197916ba-20c0-4c72-8d8e-f3a8cbed921d/%D9%85%D9%88%D8%A8%D8%A7%DB%8C%D9%84-%D8%B3%D8%A7%D9%85%D8%B3%D9%88%D9%86%DA%AF-32-%DA%AF%DB%8C%DA%AF-samsung-galaxy-a6-2018-a600/" "Mozilla/5.0 (Linux; Android 8.0.0; SM-A605G) AppleWebKit/537.36 (KHTML, like Gecko) Chrome/71.0.3578.99 Mobile Safari/537.36" "-"
34.247.132.53 - - [22/Jan/2019:04:01:22 +0330] "GET / HTTP/1.1" 200 30731 "-" "Mozilla/5.0 (Windows NT 10.0; Win64; x64) AppleWebKit/537.36 (KHTML, like Gecko) Chrome/63.0.3239.84 Safari/537.36" "-"
130.185.74.243 - - [22/Jan/2019:04:01:22 +0330] "GET /filter/stexists,p17586 HTTP/1.1" 200 29434 "-" "Mozilla/5.0 (Windows NT 6.1; rv:42.0) Gecko/20100101 Firefox/42.0" "-"
207.46.13.104 - - [22/Jan/2019:04:01:23 +0330] "GET /filter?f=p35%2Cb145 HTTP/1.1" 200 32655 "-" "Mozilla/5.0 (compatible; bingbot/2.0; +http://www.bing.com/bingbot.htm)" "-"
130.185.74.243 - - [22/Jan/2019:04:01:23 +0330] "GET /filter/stexists,p17586?page=1 HTTP/1.1" 200 29449 "-" "Mozilla/5.0 (Windows NT 6.1; rv:42.0) Gecko/20100101 Firefox/42.0" "-"
2.181.245.181 - - [22/Jan/2019:04:01:24 +0330] "GET /image/33888?name=model-b2048u-1-.jpg&wh=200x200 HTTP/1.1" 200 3975 "-" "Dalvik/2.1.0 (Linux; U; Android 5.1.1; HUAWEI SCL-U31 Build/HuaweiSCL-U31)" "-"
66.111.54.249 - - [22/Jan/2019:04:01:24 +0330] "GET /m/product/34024/64841/%DB%8C%D8%AE%DA%86%D8%A7%D9%84-%D9%81%D8%B1%DB%8C%D8%B2%D8%B1-%D9%81%D8%B1%DB%8C%D8%B2%D8%B1-%D9%BE%D8%A7%DB%8C%DB%8C%D9%86-%D8%AF%D9%88%D9%88-%D9%85%D8%AF%D9%84-Ultimo-D2BF-0028GW HTTP/1.1" 200 21682 "https://www.zanbil.ir/m/filter/p3?page=4" "Mozilla/5.0 (Linux; Android 5.0; SM-G900H Build/LRX21T) AppleWebKit/537.36 (KHTML, like Gecko) Chrome/39.0.2171.93 Mobile Safari/537.36" "-"
130.185.74.243 - - [22/Jan/2019:04:01:24 +0330] "GET /filter/stexists,p2598 HTTP/1.1" 200 33413 "-" "Mozilla/5.0 (Windows NT 6.1; rv:42.0) Gecko/20100101 Firefox/42.0" "-"
66.249.66.194 - - [22/Jan/2019:04:01:24 +0330] "GET /browse/sports-watches/%D8%B3%D8%A7%D8%B9%D8%AA-%D9%88%D8%B1%D8%B2%D8%B4%DB%8C HTTP/1.1" 200 35002 "-" "Mozilla/5.0 (compatible; Googlebot/2.1; +http://www.google.com/bot.html)" "-"
5.211.97.39 - - [22/Jan/2019:04:01:25 +0330] "GET /m/filter/p10%2Cb74 HTTP/1.1" 200 19322 "https://www.zanbil.ir/m/browse/tea-maker/%DA%86%D8%A7%DB%8C-%D8%B3%D8%A7%D8%B2" "Mozilla/5.0 (iPhone; CPU iPhone OS 10_3_2 like Mac OS X) AppleWebKit/603.2.4 (KHTML, like Gecko) Version/10.0 Mobile/14F89 Safari/602.1" "-"
207.46.13.104 - - [22/Jan/2019:04:01:25 +0330] "GET /image/5704?name=es-wd72-111.jpg&wh=max HTTP/1.1" 200 37773 "-" "Mozilla/5.0 (compatible; bingbot/2.0; +http://www.bing.com/bingbot.htm)" "-"
5.211.97.39 - - [22/Jan/2019:04:01:25 +0330] "GET /settings/logo HTTP/1.1" 200 4120 "https://www.zanbil.ir/m/filter/p10%2Cb74" "Mozilla/5.0 (iPhone; CPU iPhone OS 10_3_2 like Mac OS X) AppleWebKit/603.2.4 (KHTML, like Gecko) Version/10.0 Mobile/14F89 Safari/602.1" "-"
5.211.97.39 - - [22/Jan/2019:04:01:25 +0330] "GET /image/62924/productModel/200x200 HTTP/1.1" 200 5548 "https://www.zanbil.ir/m/filter/p10%2Cb74" "Mozilla/5.0 (iPhone; CPU iPhone OS 10_3_2 like Mac OS X) AppleWebKit/603.2.4 (KHTML, like Gecko) Version/10.0 Mobile/14F89 Safari/602.1" "-"
5.211.97.39 - - [22/Jan/2019:04:01:25 +0330] "GET /image/62867/productModel/200x200 HTTP/1.1" 200 4778 "https://www.zanbil.ir/m/filter/p10%2Cb74" "Mozilla/5.0 (iPhone; CPU iPhone OS 10_3_2 like Mac OS X) AppleWebKit/603.2.4 (KHTML, like Gecko) Version/10.0 Mobile/14F89 Safari/602.1" "-"
5.211.97.39 - - [22/Jan/2019:04:01:25 +0330] "GET /image/64653/productModel/200x200 HTTP/1.1" 200 4544 "https://www.zanbil.ir/m/filter/p10%2Cb74" "Mozilla/5.0 (iPhone; CPU iPhone OS 10_3_2 like Mac OS X) AppleWebKit/603.2.4 (KHTML, like Gecko) Version/10.0 Mobile/14F89 Safari/602.1" "-"
5.211.97.39 - - [22/Jan/2019:04:01:25 +0330] "GET /image/34141/productModel/200x200 HTTP/1.1" 200 4116 "https://www.zanbil.ir/m/filter/p10%2Cb74" "Mozilla/5.0 (iPhone; CPU iPhone OS 10_3_2 like Mac OS X) AppleWebKit/603.2.4 (KHTML, like Gecko) Version/10.0 Mobile/14F89 Safari/602.1" "-"
5.211.97.39 - - [22/Jan/2019:04:01:25 +0330] "HEAD /amp_preconnect_polyfill_404_or_other_error_expected._Do_not_worry_about_it?1548117360000 HTTP/1.1" 404 0 "https://www.zanbil.ir/m/filter/p10%2Cb74" "Mozilla/5.0 (iPhone; CPU iPhone OS 10_3_2 like Mac OS X) AppleWebKit/603.2.4 (KHTML, like Gecko) Version/10.0 Mobile/14F89 Safari/602.1" "-"
5.211.97.39 - - [22/Jan/2019:04:01:25 +0330] "GET /image/62079/productModel/200x200 HTTP/1.1" 200 3797 "https://www.zanbil.ir/m/filter/p10%2Cb74" "Mozilla/5.0 (iPhone; CPU iPhone OS 10_3_2 like Mac OS X) AppleWebKit/603.2.4 (KHTML, like Gecko) Version/10.0 Mobile/14F89 Safari/602.1" "-"
5.211.97.39 - - [22/Jan/2019:04:01:25 +0330] "GET /image/8323/productModel/200x200 HTTP/1.1" 200 7191 "https://www.zanbil.ir/m/filter/p10%2Cb74" "Mozilla/5.0 (iPhone; CPU iPhone OS 10_3_2 like Mac OS X) AppleWebKit/603.2.4 (KHTML, like Gecko) Version/10.0 Mobile/14F89 Safari/602.1" "-"
130.185.74.243 - - [22/Jan/2019:04:01:26 +0330] "GET /filter/stexists,p2598?page=1 HTTP/1.1" 200 33137 "-" "Mozilla/5.0 (Windows NT 6.1; rv:42.0) Gecko/20100101 Firefox/42.0" "-"
5.211.97.39 - - [22/Jan/2019:04:01:27 +0330] "GET /image/62925/productModel/200x200 HTTP/1.1" 200 4978 "https://www.zanbil.ir/m/filter/p10%2Cb74" "Mozilla/5.0 (iPhone; CPU iPhone OS 10_3_2 like Mac OS X) AppleWebKit/603.2.4 (KHTML, like Gecko) Version/10.0 Mobile/14F89 Safari/602.1" "-"
5.211.97.39 - - [22/Jan/2019:04:01:27 +0330] "GET /image/62077/productModel/200x200 HTTP/1.1" 200 4818 "https://www.zanbil.ir/m/filter/p10%2Cb74" "Mozilla/5.0 (iPhone; CPU iPhone OS 10_3_2 like Mac OS X) AppleWebKit/603.2.4 (KHTML, like Gecko) Version/10.0 Mobile/14F89 Safari/602.1" "-"
207.46.13.136 - - [22/Jan/2019:04:01:27 +0330] "GET /filter/b1,b103,b105,b109,b111,b113,b135,b144,b176,b186,b221,b261,b291,b435,b481,b52,b598,b615,b734,b77,b820,b83 HTTP/1.1" 200 39408 "-" "Mozilla/5.0 (compatible; bingbot/2.0; +http://www.bing.com/bingbot.htm)" "-"
130.185.74.243 - - [22/Jan/2019:04:01:27 +0330] "GET /filter/stexists,p2598?page=2 HTTP/1.1" 200 33166 "-" "Mozilla/5.0 (Windows NT 6.1; rv:42.0) Gecko/20100101 Firefox/42.0" "-"
5.211.97.39 - - [22/Jan/2019:04:01:27 +0330] "GET /image/62076/productModel/200x200 HTTP/1.1" 200 6329 "https://www.zanbil.ir/m/filter/p10%2Cb74" "Mozilla/5.0 (iPhone; CPU iPhone OS 10_3_2 like Mac OS X) AppleWebKit/603.2.4 (KHTML, like Gecko) Version/10.0 Mobile/14F89 Safari/602.1" "-"
130.185.74.243 - - [22/Jan/2019:04:01:28 +0330] "GET /filter/stexists,p2598?page=3 HTTP/1.1" 200 33260 "-" "Mozilla/5.0 (Windows NT 6.1; rv:42.0) Gecko/20100101 Firefox/42.0" "-"
66.111.54.249 - - [22/Jan/2019:04:01:29 +0330] "GET /image/34024?name=34024-2.jpg&wh=max HTTP/1.1" 200 12082 "https://www.zanbil.ir/m/product/34024/64841/%DB%8C%D8%AE%DA%86%D8%A7%D9%84-%D9%81%D8%B1%DB%8C%D8%B2%D8%B1-%D9%81%D8%B1%DB%8C%D8%B2%D8%B1-%D9%BE%D8%A7%DB%8C%DB%8C%D9%86-%D8%AF%D9%88%D9%88-%D9%85%D8%AF%D9%84-Ultimo-D2BF-0028GW" "Mozilla/5.0 (Linux; Android 5.0; SM-G900H Build/LRX21T) AppleWebKit/537.36 (KHTML, like Gecko) Chrome/39.0.2171.93 Mobile Safari/537.36" "-"
66.111.54.249 - - [22/Jan/2019:04:01:29 +0330] "GET /settings/logo HTTP/1.1" 200 4120 "https://www.zanbil.ir/m/product/34024/64841/%DB%8C%D8%AE%DA%86%D8%A7%D9%84-%D9%81%D8%B1%DB%8C%D8%B2%D8%B1-%D9%81%D8%B1%DB%8C%D8%B2%D8%B1-%D9%BE%D8%A7%DB%8C%DB%8C%D9%86-%D8%AF%D9%88%D9%88-%D9%85%D8%AF%D9%84-Ultimo-D2BF-0028GW" "Mozilla/5.0 (Linux; Android 5.0; SM-G900H Build/LRX21T) AppleWebKit/537.36 (KHTML, like Gecko) Chrome/39.0.2171.93 Mobile Safari/537.36" "-"
66.111.54.249 - - [22/Jan/2019:04:01:29 +0330] "GET /discountLabel/get/3?type=mobileMainIcon HTTP/1.1" 200 6435 "https://www.zanbil.ir/m/product/34024/64841/%DB%8C%D8%AE%DA%86%D8%A7%D9%84-%D9%81%D8%B1%DB%8C%D8%B2%D8%B1-%D9%81%D8%B1%DB%8C%D8%B2%D8%B1-%D9%BE%D8%A7%DB%8C%DB%8C%D9%86-%D8%AF%D9%88%D9%88-%D9%85%D8%AF%D9%84-Ultimo-D2BF-0028GW" "Mozilla/5.0 (Linux; Android 5.0; SM-G900H Build/LRX21T) AppleWebKit/537.36 (KHTML, like Gecko) Chrome/39.0.2171.93 Mobile Safari/537.36" "-"
207.46.13.136 - - [22/Jan/2019:04:01:29 +0330] "GET /filter/b122,b2,b584,b596 HTTP/1.1" 200 37539 "-" "Mozilla/5.0 (compatible; bingbot/2.0; +http://www.bing.com/bingbot.htm)" "-"
66.111.54.249 - - [22/Jan/2019:04:01:29 +0330] "GET /image/34024?name=34024-4.jpg&wh=max HTTP/1.1" 200 17910 "https://www.zanbil.ir/m/product/34024/64841/%DB%8C%D8%AE%DA%86%D8%A7%D9%84-%D9%81%D8%B1%DB%8C%D8%B2%D8%B1-%D9%81%D8%B1%DB%8C%D8%B2%D8%B1-%D9%BE%D8%A7%DB%8C%DB%8C%D9%86-%D8%AF%D9%88%D9%88-%D9%85%D8%AF%D9%84-Ultimo-D2BF-0028GW" "Mozilla/5.0 (Linux; Android 5.0; SM-G900H Build/LRX21T) AppleWebKit/537.36 (KHTML, like Gecko) Chrome/39.0.2171.93 Mobile Safari/537.36" "-"
54.36.148.232 - - [22/Jan/2019:04:01:30 +0330] "GET /filter/4700|3LCD,b43,p72,v1|%D8%B3%D9%81%DB%8C%D8%AF. HTTP/1.1" 200 32687 "-" "Mozilla/5.0 (compatible; AhrefsBot/6.1; +http://ahrefs.com/robot/)" "-"
130.185.74.243 - - [22/Jan/2019:04:01:30 +0330] "GET /filter/stexists,p2598?page=4 HTTP/1.1" 200 33576 "-" "Mozilla/5.0 (Windows NT 6.1; rv:42.0) Gecko/20100101 Firefox/42.0" "-"
